Archive member included because of file (symbol)

/Applications/lpcxpresso_5.2.4_2122/lpcxpresso/tools/bin/../lib/gcc/arm-none-eabi/4.6.2/../../../../arm-none-eabi/lib/armv7-m/libc.a(lib_a-memcpy.o)
                              ./FreeRTOS_src/queue.o (memcpy)
/Applications/lpcxpresso_5.2.4_2122/lpcxpresso/tools/bin/../lib/gcc/arm-none-eabi/4.6.2/../../../../arm-none-eabi/lib/armv7-m/libc.a(lib_a-memset.o)
                              ./FreeRTOS_src/tasks.o (memset)
/Applications/lpcxpresso_5.2.4_2122/lpcxpresso/tools/bin/../lib/gcc/arm-none-eabi/4.6.2/../../../../arm-none-eabi/lib/armv7-m/libc.a(lib_a-sprintf.o)
                              ./FreeRTOS_src/tasks.o (sprintf)
/Applications/lpcxpresso_5.2.4_2122/lpcxpresso/tools/bin/../lib/gcc/arm-none-eabi/4.6.2/../../../../arm-none-eabi/lib/armv7-m/libc.a(lib_a-strcat.o)
                              ./FreeRTOS_src/tasks.o (strcat)
/Applications/lpcxpresso_5.2.4_2122/lpcxpresso/tools/bin/../lib/gcc/arm-none-eabi/4.6.2/../../../../arm-none-eabi/lib/armv7-m/libc.a(lib_a-strcpy.o)
                              /Applications/lpcxpresso_5.2.4_2122/lpcxpresso/tools/bin/../lib/gcc/arm-none-eabi/4.6.2/../../../../arm-none-eabi/lib/armv7-m/libc.a(lib_a-strcat.o) (strcpy)
/Applications/lpcxpresso_5.2.4_2122/lpcxpresso/tools/bin/../lib/gcc/arm-none-eabi/4.6.2/../../../../arm-none-eabi/lib/armv7-m/libc.a(lib_a-strncpy.o)
                              ./FreeRTOS_src/tasks.o (strncpy)
/Applications/lpcxpresso_5.2.4_2122/lpcxpresso/tools/bin/../lib/gcc/arm-none-eabi/4.6.2/../../../../arm-none-eabi/lib/armv7-m/libc.a(lib_a-svfprintf.o)
                              /Applications/lpcxpresso_5.2.4_2122/lpcxpresso/tools/bin/../lib/gcc/arm-none-eabi/4.6.2/../../../../arm-none-eabi/lib/armv7-m/libc.a(lib_a-sprintf.o) (_svfprintf_r)
/Applications/lpcxpresso_5.2.4_2122/lpcxpresso/tools/bin/../lib/gcc/arm-none-eabi/4.6.2/../../../../arm-none-eabi/lib/armv7-m/libc.a(lib_a-dtoa.o)
                              /Applications/lpcxpresso_5.2.4_2122/lpcxpresso/tools/bin/../lib/gcc/arm-none-eabi/4.6.2/../../../../arm-none-eabi/lib/armv7-m/libc.a(lib_a-svfprintf.o) (_dtoa_r)
/Applications/lpcxpresso_5.2.4_2122/lpcxpresso/tools/bin/../lib/gcc/arm-none-eabi/4.6.2/../../../../arm-none-eabi/lib/armv7-m/libc.a(lib_a-impure.o)
                              /Applications/lpcxpresso_5.2.4_2122/lpcxpresso/tools/bin/../lib/gcc/arm-none-eabi/4.6.2/../../../../arm-none-eabi/lib/armv7-m/libc.a(lib_a-sprintf.o) (_impure_ptr)
/Applications/lpcxpresso_5.2.4_2122/lpcxpresso/tools/bin/../lib/gcc/arm-none-eabi/4.6.2/../../../../arm-none-eabi/lib/armv7-m/libc.a(lib_a-locale.o)
                              /Applications/lpcxpresso_5.2.4_2122/lpcxpresso/tools/bin/../lib/gcc/arm-none-eabi/4.6.2/../../../../arm-none-eabi/lib/armv7-m/libc.a(lib_a-svfprintf.o) (_localeconv_r)
/Applications/lpcxpresso_5.2.4_2122/lpcxpresso/tools/bin/../lib/gcc/arm-none-eabi/4.6.2/../../../../arm-none-eabi/lib/armv7-m/libc.a(lib_a-mallocr.o)
                              /Applications/lpcxpresso_5.2.4_2122/lpcxpresso/tools/bin/../lib/gcc/arm-none-eabi/4.6.2/../../../../arm-none-eabi/lib/armv7-m/libc.a(lib_a-svfprintf.o) (_malloc_r)
/Applications/lpcxpresso_5.2.4_2122/lpcxpresso/tools/bin/../lib/gcc/arm-none-eabi/4.6.2/../../../../arm-none-eabi/lib/armv7-m/libc.a(lib_a-memchr.o)
                              /Applications/lpcxpresso_5.2.4_2122/lpcxpresso/tools/bin/../lib/gcc/arm-none-eabi/4.6.2/../../../../arm-none-eabi/lib/armv7-m/libc.a(lib_a-svfprintf.o) (memchr)
/Applications/lpcxpresso_5.2.4_2122/lpcxpresso/tools/bin/../lib/gcc/arm-none-eabi/4.6.2/../../../../arm-none-eabi/lib/armv7-m/libc.a(lib_a-mlock.o)
                              /Applications/lpcxpresso_5.2.4_2122/lpcxpresso/tools/bin/../lib/gcc/arm-none-eabi/4.6.2/../../../../arm-none-eabi/lib/armv7-m/libc.a(lib_a-mallocr.o) (__malloc_lock)
/Applications/lpcxpresso_5.2.4_2122/lpcxpresso/tools/bin/../lib/gcc/arm-none-eabi/4.6.2/../../../../arm-none-eabi/lib/armv7-m/libc.a(lib_a-mprec.o)
                              /Applications/lpcxpresso_5.2.4_2122/lpcxpresso/tools/bin/../lib/gcc/arm-none-eabi/4.6.2/../../../../arm-none-eabi/lib/armv7-m/libc.a(lib_a-dtoa.o) (_Balloc)
/Applications/lpcxpresso_5.2.4_2122/lpcxpresso/tools/bin/../lib/gcc/arm-none-eabi/4.6.2/../../../../arm-none-eabi/lib/armv7-m/libc.a(lib_a-s_fpclassify.o)
                              /Applications/lpcxpresso_5.2.4_2122/lpcxpresso/tools/bin/../lib/gcc/arm-none-eabi/4.6.2/../../../../arm-none-eabi/lib/armv7-m/libc.a(lib_a-svfprintf.o) (__fpclassifyd)
/Applications/lpcxpresso_5.2.4_2122/lpcxpresso/tools/bin/../lib/gcc/arm-none-eabi/4.6.2/../../../../arm-none-eabi/lib/armv7-m/libc.a(lib_a-sbrkr.o)
                              /Applications/lpcxpresso_5.2.4_2122/lpcxpresso/tools/bin/../lib/gcc/arm-none-eabi/4.6.2/../../../../arm-none-eabi/lib/armv7-m/libc.a(lib_a-mallocr.o) (_sbrk_r)
/Applications/lpcxpresso_5.2.4_2122/lpcxpresso/tools/bin/../lib/gcc/arm-none-eabi/4.6.2/../../../../arm-none-eabi/lib/armv7-m/libc.a(lib_a-strcmp.o)
                              /Applications/lpcxpresso_5.2.4_2122/lpcxpresso/tools/bin/../lib/gcc/arm-none-eabi/4.6.2/../../../../arm-none-eabi/lib/armv7-m/libc.a(lib_a-locale.o) (strcmp)
/Applications/lpcxpresso_5.2.4_2122/lpcxpresso/tools/bin/../lib/gcc/arm-none-eabi/4.6.2/../../../../arm-none-eabi/lib/armv7-m/libc.a(lib_a-strlen.o)
                              /Applications/lpcxpresso_5.2.4_2122/lpcxpresso/tools/bin/../lib/gcc/arm-none-eabi/4.6.2/../../../../arm-none-eabi/lib/armv7-m/libc.a(lib_a-svfprintf.o) (strlen)
/Applications/lpcxpresso_5.2.4_2122/lpcxpresso/tools/bin/../lib/gcc/arm-none-eabi/4.6.2/../../../../arm-none-eabi/lib/armv7-m/libc.a(lib_a-svfiprintf.o)
                              /Applications/lpcxpresso_5.2.4_2122/lpcxpresso/tools/bin/../lib/gcc/arm-none-eabi/4.6.2/../../../../arm-none-eabi/lib/armv7-m/libc.a(lib_a-svfprintf.o) (__ssprint_r)
/Applications/lpcxpresso_5.2.4_2122/lpcxpresso/tools/bin/../lib/gcc/arm-none-eabi/4.6.2/../../../../arm-none-eabi/lib/armv7-m/libc.a(lib_a-callocr.o)
                              /Applications/lpcxpresso_5.2.4_2122/lpcxpresso/tools/bin/../lib/gcc/arm-none-eabi/4.6.2/../../../../arm-none-eabi/lib/armv7-m/libc.a(lib_a-mprec.o) (_calloc_r)
/Applications/lpcxpresso_5.2.4_2122/lpcxpresso/tools/bin/../lib/gcc/arm-none-eabi/4.6.2/../../../../arm-none-eabi/lib/armv7-m/libc.a(lib_a-freer.o)
                              /Applications/lpcxpresso_5.2.4_2122/lpcxpresso/tools/bin/../lib/gcc/arm-none-eabi/4.6.2/../../../../arm-none-eabi/lib/armv7-m/libc.a(lib_a-mallocr.o) (_free_r)
/Applications/lpcxpresso_5.2.4_2122/lpcxpresso/tools/bin/../lib/gcc/arm-none-eabi/4.6.2/../../../../arm-none-eabi/lib/armv7-m/libc.a(lib_a-memmove.o)
                              /Applications/lpcxpresso_5.2.4_2122/lpcxpresso/tools/bin/../lib/gcc/arm-none-eabi/4.6.2/../../../../arm-none-eabi/lib/armv7-m/libc.a(lib_a-svfiprintf.o) (memmove)
/Applications/lpcxpresso_5.2.4_2122/lpcxpresso/tools/bin/../lib/gcc/arm-none-eabi/4.6.2/../../../../arm-none-eabi/lib/armv7-m/libc.a(lib_a-reallocr.o)
                              /Applications/lpcxpresso_5.2.4_2122/lpcxpresso/tools/bin/../lib/gcc/arm-none-eabi/4.6.2/../../../../arm-none-eabi/lib/armv7-m/libc.a(lib_a-svfiprintf.o) (_realloc_r)
/Applications/lpcxpresso_5.2.4_2122/lpcxpresso/tools/bin/../lib/gcc/arm-none-eabi/4.6.2/../../../../arm-none-eabi/lib/armv7-m/libc.a(lib_a-reent.o)
                              /Applications/lpcxpresso_5.2.4_2122/lpcxpresso/tools/bin/../lib/gcc/arm-none-eabi/4.6.2/../../../../arm-none-eabi/lib/armv7-m/libc.a(lib_a-sbrkr.o) (errno)
/Applications/lpcxpresso_5.2.4_2122/lpcxpresso/tools/bin/../lib/gcc/arm-none-eabi/4.6.2/armv7-m/libgcc.a(_arm_addsubdf3.o)
                              /Applications/lpcxpresso_5.2.4_2122/lpcxpresso/tools/bin/../lib/gcc/arm-none-eabi/4.6.2/../../../../arm-none-eabi/lib/armv7-m/libc.a(lib_a-dtoa.o) (__aeabi_dsub)
/Applications/lpcxpresso_5.2.4_2122/lpcxpresso/tools/bin/../lib/gcc/arm-none-eabi/4.6.2/armv7-m/libgcc.a(_arm_muldivdf3.o)
                              /Applications/lpcxpresso_5.2.4_2122/lpcxpresso/tools/bin/../lib/gcc/arm-none-eabi/4.6.2/../../../../arm-none-eabi/lib/armv7-m/libc.a(lib_a-dtoa.o) (__aeabi_dmul)
/Applications/lpcxpresso_5.2.4_2122/lpcxpresso/tools/bin/../lib/gcc/arm-none-eabi/4.6.2/armv7-m/libgcc.a(_arm_cmpdf2.o)
                              /Applications/lpcxpresso_5.2.4_2122/lpcxpresso/tools/bin/../lib/gcc/arm-none-eabi/4.6.2/../../../../arm-none-eabi/lib/armv7-m/libc.a(lib_a-svfprintf.o) (__aeabi_dcmpeq)
/Applications/lpcxpresso_5.2.4_2122/lpcxpresso/tools/bin/../lib/gcc/arm-none-eabi/4.6.2/armv7-m/libgcc.a(_arm_fixdfsi.o)
                              /Applications/lpcxpresso_5.2.4_2122/lpcxpresso/tools/bin/../lib/gcc/arm-none-eabi/4.6.2/../../../../arm-none-eabi/lib/armv7-m/libc.a(lib_a-dtoa.o) (__aeabi_d2iz)
/Applications/lpcxpresso_5.2.4_2122/lpcxpresso/tools/bin/../lib/gcc/arm-none-eabi/4.6.2/armv7-m/libgcc.a(_aeabi_uldivmod.o)
                              /Applications/lpcxpresso_5.2.4_2122/lpcxpresso/tools/bin/../lib/gcc/arm-none-eabi/4.6.2/../../../../arm-none-eabi/lib/armv7-m/libc.a(lib_a-svfprintf.o) (__aeabi_uldivmod)
/Applications/lpcxpresso_5.2.4_2122/lpcxpresso/tools/bin/../lib/gcc/arm-none-eabi/4.6.2/armv7-m/libgcc.a(bpabi.o)
                              /Applications/lpcxpresso_5.2.4_2122/lpcxpresso/tools/bin/../lib/gcc/arm-none-eabi/4.6.2/armv7-m/libgcc.a(_aeabi_uldivmod.o) (__gnu_uldivmod_helper)
/Applications/lpcxpresso_5.2.4_2122/lpcxpresso/tools/bin/../lib/gcc/arm-none-eabi/4.6.2/armv7-m/libgcc.a(_dvmd_tls.o)
                              /Applications/lpcxpresso_5.2.4_2122/lpcxpresso/tools/bin/../lib/gcc/arm-none-eabi/4.6.2/armv7-m/libgcc.a(_aeabi_uldivmod.o) (__aeabi_ldiv0)
/Applications/lpcxpresso_5.2.4_2122/lpcxpresso/tools/bin/../lib/gcc/arm-none-eabi/4.6.2/armv7-m/libgcc.a(_divdi3.o)
                              /Applications/lpcxpresso_5.2.4_2122/lpcxpresso/tools/bin/../lib/gcc/arm-none-eabi/4.6.2/armv7-m/libgcc.a(bpabi.o) (__divdi3)
/Applications/lpcxpresso_5.2.4_2122/lpcxpresso/tools/bin/../lib/gcc/arm-none-eabi/4.6.2/armv7-m/libgcc.a(_udivdi3.o)
                              /Applications/lpcxpresso_5.2.4_2122/lpcxpresso/tools/bin/../lib/gcc/arm-none-eabi/4.6.2/armv7-m/libgcc.a(bpabi.o) (__udivdi3)

Allocating common symbols
Common symbol       size              file

errno               0x4               /Applications/lpcxpresso_5.2.4_2122/lpcxpresso/tools/bin/../lib/gcc/arm-none-eabi/4.6.2/../../../../arm-none-eabi/lib/armv7-m/libc.a(lib_a-reent.o)
xQueueRegistry      0x50              ./FreeRTOS_src/queue.o

Discarded input sections

 .text          0x0000000000000000        0x0 ./src/SevenSegs.o
 .data          0x0000000000000000        0x0 ./src/SevenSegs.o
 .bss           0x0000000000000000        0x0 ./src/SevenSegs.o
 .data.translationCode_CC
                0x0000000000000000       0x10 ./src/SevenSegs.o
 .data.bitsCode_4
                0x0000000000000000        0x4 ./src/SevenSegs.o
 .text.SevenSegs_display
                0x0000000000000000       0x14 ./src/SevenSegs.o
 .text          0x0000000000000000        0x0 ./src/cr_startup_lpc17.o
 .data          0x0000000000000000        0x0 ./src/cr_startup_lpc17.o
 .bss           0x0000000000000000        0x0 ./src/cr_startup_lpc17.o
 .text          0x0000000000000000        0x0 ./src/leds.o
 .data          0x0000000000000000        0x0 ./src/leds.o
 .bss           0x0000000000000000        0x0 ./src/leds.o
 .text.led2_init
                0x0000000000000000       0x3c ./src/leds.o
 .text.led2_invert
                0x0000000000000000       0x40 ./src/leds.o
 .text          0x0000000000000000        0x0 ./src/main.o
 .data          0x0000000000000000        0x0 ./src/main.o
 .bss           0x0000000000000000        0x0 ./src/main.o
 .data.translationCode_CC
                0x0000000000000000       0x10 ./src/main.o
 .data.bitsCode_4
                0x0000000000000000        0x4 ./src/main.o
 .text.__error__
                0x0000000000000000       0x14 ./src/main.o
 .text          0x0000000000000000        0x0 ./FreeRTOS_src/croutine.o
 .data          0x0000000000000000        0x0 ./FreeRTOS_src/croutine.o
 .bss           0x0000000000000000        0x0 ./FreeRTOS_src/croutine.o
 .bss.pxReadyCoRoutineLists
                0x0000000000000000       0x28 ./FreeRTOS_src/croutine.o
 .bss.xDelayedCoRoutineList1
                0x0000000000000000       0x14 ./FreeRTOS_src/croutine.o
 .bss.xDelayedCoRoutineList2
                0x0000000000000000       0x14 ./FreeRTOS_src/croutine.o
 .bss.pxDelayedCoRoutineList
                0x0000000000000000        0x4 ./FreeRTOS_src/croutine.o
 .bss.pxOverflowDelayedCoRoutineList
                0x0000000000000000        0x4 ./FreeRTOS_src/croutine.o
 .bss.xPendingReadyCoRoutineList
                0x0000000000000000       0x14 ./FreeRTOS_src/croutine.o
 .bss.pxCurrentCoRoutine
                0x0000000000000000        0x4 ./FreeRTOS_src/croutine.o
 .bss.uxTopCoRoutineReadyPriority
                0x0000000000000000        0x4 ./FreeRTOS_src/croutine.o
 .bss.xCoRoutineTickCount
                0x0000000000000000        0x4 ./FreeRTOS_src/croutine.o
 .bss.xLastTickCount
                0x0000000000000000        0x4 ./FreeRTOS_src/croutine.o
 .bss.xPassedTicks
                0x0000000000000000        0x4 ./FreeRTOS_src/croutine.o
 .text.xCoRoutineCreate
                0x0000000000000000       0xf4 ./FreeRTOS_src/croutine.o
 .text.vCoRoutineAddToDelayedList
                0x0000000000000000       0xb4 ./FreeRTOS_src/croutine.o
 .text.prvCheckPendingReadyList
                0x0000000000000000       0xa0 ./FreeRTOS_src/croutine.o
 .text.prvCheckDelayedList
                0x0000000000000000      0x170 ./FreeRTOS_src/croutine.o
 .text.vCoRoutineSchedule
                0x0000000000000000       0xf0 ./FreeRTOS_src/croutine.o
 .text.prvInitialiseCoRoutineLists
                0x0000000000000000       0x8c ./FreeRTOS_src/croutine.o
 .text.xCoRoutineRemoveFromEventList
                0x0000000000000000       0x60 ./FreeRTOS_src/croutine.o
 .text          0x0000000000000000        0x0 ./FreeRTOS_src/list.o
 .data          0x0000000000000000        0x0 ./FreeRTOS_src/list.o
 .bss           0x0000000000000000        0x0 ./FreeRTOS_src/list.o
 .text          0x0000000000000000        0x0 ./FreeRTOS_src/queue.o
 .data          0x0000000000000000        0x0 ./FreeRTOS_src/queue.o
 .bss           0x0000000000000000        0x0 ./FreeRTOS_src/queue.o
 .text.xQueueCreate
                0x0000000000000000       0xd0 ./FreeRTOS_src/queue.o
 .text.xQueueCreateMutex
                0x0000000000000000       0x98 ./FreeRTOS_src/queue.o
 .text.xQueueGiveMutexRecursive
                0x0000000000000000       0x58 ./FreeRTOS_src/queue.o
 .text.xQueueTakeMutexRecursive
                0x0000000000000000       0x60 ./FreeRTOS_src/queue.o
 .text.xQueueGenericSend
                0x0000000000000000      0x124 ./FreeRTOS_src/queue.o
 .text.xQueueGenericSendFromISR
                0x0000000000000000       0x90 ./FreeRTOS_src/queue.o
 .text.xQueueGenericReceive
                0x0000000000000000      0x188 ./FreeRTOS_src/queue.o
 .text.xQueueReceiveFromISR
                0x0000000000000000       0x94 ./FreeRTOS_src/queue.o
 .text.uxQueueMessagesWaiting
                0x0000000000000000       0x24 ./FreeRTOS_src/queue.o
 .text.uxQueueMessagesWaitingFromISR
                0x0000000000000000       0x1c ./FreeRTOS_src/queue.o
 .text.vQueueDelete
                0x0000000000000000       0x28 ./FreeRTOS_src/queue.o
 .text.prvCopyDataToQueue
                0x0000000000000000       0xc4 ./FreeRTOS_src/queue.o
 .text.prvCopyDataFromQueue
                0x0000000000000000       0x50 ./FreeRTOS_src/queue.o
 .text.prvUnlockQueue
                0x0000000000000000       0xa0 ./FreeRTOS_src/queue.o
 .text.prvIsQueueEmpty
                0x0000000000000000       0x2c ./FreeRTOS_src/queue.o
 .text.xQueueIsQueueEmptyFromISR
                0x0000000000000000       0x24 ./FreeRTOS_src/queue.o
 .text.prvIsQueueFull
                0x0000000000000000       0x30 ./FreeRTOS_src/queue.o
 .text.xQueueIsQueueFullFromISR
                0x0000000000000000       0x2c ./FreeRTOS_src/queue.o
 .text.vQueueAddToRegistry
                0x0000000000000000       0x64 ./FreeRTOS_src/queue.o
 .text.vQueueUnregisterQueue
                0x0000000000000000       0x54 ./FreeRTOS_src/queue.o
 COMMON         0x0000000000000000       0x50 ./FreeRTOS_src/queue.o
 .text          0x0000000000000000        0x0 ./FreeRTOS_src/tasks.o
 .data          0x0000000000000000        0x0 ./FreeRTOS_src/tasks.o
 .bss           0x0000000000000000        0x0 ./FreeRTOS_src/tasks.o
 .bss.pcTraceBufferStart
                0x0000000000000000        0x4 ./FreeRTOS_src/tasks.o
 .bss.pcStatusString
                0x0000000000000000       0x34 ./FreeRTOS_src/tasks.o
 .text.vTaskDelete
                0x0000000000000000       0xc0 ./FreeRTOS_src/tasks.o
 .text.vTaskDelayUntil
                0x0000000000000000       0xb4 ./FreeRTOS_src/tasks.o
 .text.uxTaskPriorityGet
                0x0000000000000000       0x38 ./FreeRTOS_src/tasks.o
 .text.vTaskPrioritySet
                0x0000000000000000      0x12c ./FreeRTOS_src/tasks.o
 .text.vTaskSuspend
                0x0000000000000000       0xc0 ./FreeRTOS_src/tasks.o
 .text.xTaskIsTaskSuspended
                0x0000000000000000       0x50 ./FreeRTOS_src/tasks.o
 .text.vTaskResume
                0x0000000000000000       0xac ./FreeRTOS_src/tasks.o
 .text.xTaskResumeFromISR
                0x0000000000000000       0xc0 ./FreeRTOS_src/tasks.o
 .text.vTaskEndScheduler
                0x0000000000000000       0x20 ./FreeRTOS_src/tasks.o
 .text.xTaskGetTickCount
                0x0000000000000000       0x28 ./FreeRTOS_src/tasks.o
 .text.xTaskGetTickCountFromISR
                0x0000000000000000       0x38 ./FreeRTOS_src/tasks.o
 .text.uxTaskGetNumberOfTasks
                0x0000000000000000       0x18 ./FreeRTOS_src/tasks.o
 .text.vTaskList
                0x0000000000000000      0x120 ./FreeRTOS_src/tasks.o
 .text.vTaskStartTrace
                0x0000000000000000       0x54 ./FreeRTOS_src/tasks.o
 .text.ulTaskEndTrace
                0x0000000000000000       0x44 ./FreeRTOS_src/tasks.o
 .text.vTaskPlaceOnEventList
                0x0000000000000000       0x78 ./FreeRTOS_src/tasks.o
 .text.xTaskRemoveFromEventList
                0x0000000000000000       0xc4 ./FreeRTOS_src/tasks.o
 .text.vTaskSetTimeOutState
                0x0000000000000000       0x30 ./FreeRTOS_src/tasks.o
 .text.xTaskCheckForTimeOut
                0x0000000000000000       0xa4 ./FreeRTOS_src/tasks.o
 .text.vTaskMissedYield
                0x0000000000000000       0x18 ./FreeRTOS_src/tasks.o
 .text.prvListTaskWithinSingleList
                0x0000000000000000       0xd0 ./FreeRTOS_src/tasks.o
 .text.usTaskCheckFreeStackSpace
                0x0000000000000000       0x38 ./FreeRTOS_src/tasks.o
 .text.uxTaskGetStackHighWaterMark
                0x0000000000000000       0x3c ./FreeRTOS_src/tasks.o
 .text.xTaskGetCurrentTaskHandle
                0x0000000000000000       0x20 ./FreeRTOS_src/tasks.o
 .text.vTaskPriorityInherit
                0x0000000000000000       0xd8 ./FreeRTOS_src/tasks.o
 .text.vTaskPriorityDisinherit
                0x0000000000000000       0x90 ./FreeRTOS_src/tasks.o
 .text          0x0000000000000000        0x0 ./FreeRTOS_src/timers.o
 .data          0x0000000000000000        0x0 ./FreeRTOS_src/timers.o
 .bss           0x0000000000000000        0x0 ./FreeRTOS_src/timers.o
 .text          0x0000000000000000        0x0 ./FreeRTOS_portable/MemMang/heap_2.o
 .data          0x0000000000000000        0x0 ./FreeRTOS_portable/MemMang/heap_2.o
 .bss           0x0000000000000000        0x0 ./FreeRTOS_portable/MemMang/heap_2.o
 .text.xPortGetFreeHeapSize
                0x0000000000000000       0x18 ./FreeRTOS_portable/MemMang/heap_2.o
 .text.vPortInitialiseBlocks
                0x0000000000000000        0xc ./FreeRTOS_portable/MemMang/heap_2.o
 .text          0x0000000000000000        0x0 ./FreeRTOS_portable/port.o
 .data          0x0000000000000000        0x0 ./FreeRTOS_portable/port.o
 .bss           0x0000000000000000        0x0 ./FreeRTOS_portable/port.o
 .rodata.ulKernelPriority
                0x0000000000000000        0x4 ./FreeRTOS_portable/port.o
 .text.vPortEndScheduler
                0x0000000000000000        0xc ./FreeRTOS_portable/port.o
 .text          0x0000000000000000        0x0 /Applications/lpcxpresso_5.2.4_2122/lpcxpresso/tools/bin/../lib/gcc/arm-none-eabi/4.6.2/../../../../arm-none-eabi/lib/armv7-m/libc.a(lib_a-memcpy.o)
 .data          0x0000000000000000        0x0 /Applications/lpcxpresso_5.2.4_2122/lpcxpresso/tools/bin/../lib/gcc/arm-none-eabi/4.6.2/../../../../arm-none-eabi/lib/armv7-m/libc.a(lib_a-memcpy.o)
 .bss           0x0000000000000000        0x0 /Applications/lpcxpresso_5.2.4_2122/lpcxpresso/tools/bin/../lib/gcc/arm-none-eabi/4.6.2/../../../../arm-none-eabi/lib/armv7-m/libc.a(lib_a-memcpy.o)
 .text.memcpy   0x0000000000000000       0x84 /Applications/lpcxpresso_5.2.4_2122/lpcxpresso/tools/bin/../lib/gcc/arm-none-eabi/4.6.2/../../../../arm-none-eabi/lib/armv7-m/libc.a(lib_a-memcpy.o)
 .text          0x0000000000000000        0x0 /Applications/lpcxpresso_5.2.4_2122/lpcxpresso/tools/bin/../lib/gcc/arm-none-eabi/4.6.2/../../../../arm-none-eabi/lib/armv7-m/libc.a(lib_a-memset.o)
 .data          0x0000000000000000        0x0 /Applications/lpcxpresso_5.2.4_2122/lpcxpresso/tools/bin/../lib/gcc/arm-none-eabi/4.6.2/../../../../arm-none-eabi/lib/armv7-m/libc.a(lib_a-memset.o)
 .bss           0x0000000000000000        0x0 /Applications/lpcxpresso_5.2.4_2122/lpcxpresso/tools/bin/../lib/gcc/arm-none-eabi/4.6.2/../../../../arm-none-eabi/lib/armv7-m/libc.a(lib_a-memset.o)
 .text          0x0000000000000000        0x0 /Applications/lpcxpresso_5.2.4_2122/lpcxpresso/tools/bin/../lib/gcc/arm-none-eabi/4.6.2/../../../../arm-none-eabi/lib/armv7-m/libc.a(lib_a-sprintf.o)
 .data          0x0000000000000000        0x0 /Applications/lpcxpresso_5.2.4_2122/lpcxpresso/tools/bin/../lib/gcc/arm-none-eabi/4.6.2/../../../../arm-none-eabi/lib/armv7-m/libc.a(lib_a-sprintf.o)
 .bss           0x0000000000000000        0x0 /Applications/lpcxpresso_5.2.4_2122/lpcxpresso/tools/bin/../lib/gcc/arm-none-eabi/4.6.2/../../../../arm-none-eabi/lib/armv7-m/libc.a(lib_a-sprintf.o)
 .text._sprintf_r
                0x0000000000000000       0x44 /Applications/lpcxpresso_5.2.4_2122/lpcxpresso/tools/bin/../lib/gcc/arm-none-eabi/4.6.2/../../../../arm-none-eabi/lib/armv7-m/libc.a(lib_a-sprintf.o)
 .text.sprintf  0x0000000000000000       0x50 /Applications/lpcxpresso_5.2.4_2122/lpcxpresso/tools/bin/../lib/gcc/arm-none-eabi/4.6.2/../../../../arm-none-eabi/lib/armv7-m/libc.a(lib_a-sprintf.o)
 .text          0x0000000000000000        0x0 /Applications/lpcxpresso_5.2.4_2122/lpcxpresso/tools/bin/../lib/gcc/arm-none-eabi/4.6.2/../../../../arm-none-eabi/lib/armv7-m/libc.a(lib_a-strcat.o)
 .data          0x0000000000000000        0x0 /Applications/lpcxpresso_5.2.4_2122/lpcxpresso/tools/bin/../lib/gcc/arm-none-eabi/4.6.2/../../../../arm-none-eabi/lib/armv7-m/libc.a(lib_a-strcat.o)
 .bss           0x0000000000000000        0x0 /Applications/lpcxpresso_5.2.4_2122/lpcxpresso/tools/bin/../lib/gcc/arm-none-eabi/4.6.2/../../../../arm-none-eabi/lib/armv7-m/libc.a(lib_a-strcat.o)
 .text.strcat   0x0000000000000000       0x4c /Applications/lpcxpresso_5.2.4_2122/lpcxpresso/tools/bin/../lib/gcc/arm-none-eabi/4.6.2/../../../../arm-none-eabi/lib/armv7-m/libc.a(lib_a-strcat.o)
 .text          0x0000000000000000        0x0 /Applications/lpcxpresso_5.2.4_2122/lpcxpresso/tools/bin/../lib/gcc/arm-none-eabi/4.6.2/../../../../arm-none-eabi/lib/armv7-m/libc.a(lib_a-strcpy.o)
 .data          0x0000000000000000        0x0 /Applications/lpcxpresso_5.2.4_2122/lpcxpresso/tools/bin/../lib/gcc/arm-none-eabi/4.6.2/../../../../arm-none-eabi/lib/armv7-m/libc.a(lib_a-strcpy.o)
 .bss           0x0000000000000000        0x0 /Applications/lpcxpresso_5.2.4_2122/lpcxpresso/tools/bin/../lib/gcc/arm-none-eabi/4.6.2/../../../../arm-none-eabi/lib/armv7-m/libc.a(lib_a-strcpy.o)
 .text.strcpy   0x0000000000000000       0xbc /Applications/lpcxpresso_5.2.4_2122/lpcxpresso/tools/bin/../lib/gcc/arm-none-eabi/4.6.2/../../../../arm-none-eabi/lib/armv7-m/libc.a(lib_a-strcpy.o)
 .text          0x0000000000000000        0x0 /Applications/lpcxpresso_5.2.4_2122/lpcxpresso/tools/bin/../lib/gcc/arm-none-eabi/4.6.2/../../../../arm-none-eabi/lib/armv7-m/libc.a(lib_a-strncpy.o)
 .data          0x0000000000000000        0x0 /Applications/lpcxpresso_5.2.4_2122/lpcxpresso/tools/bin/../lib/gcc/arm-none-eabi/4.6.2/../../../../arm-none-eabi/lib/armv7-m/libc.a(lib_a-strncpy.o)
 .bss           0x0000000000000000        0x0 /Applications/lpcxpresso_5.2.4_2122/lpcxpresso/tools/bin/../lib/gcc/arm-none-eabi/4.6.2/../../../../arm-none-eabi/lib/armv7-m/libc.a(lib_a-strncpy.o)
 .text          0x0000000000000000        0x0 /Applications/lpcxpresso_5.2.4_2122/lpcxpresso/tools/bin/../lib/gcc/arm-none-eabi/4.6.2/../../../../arm-none-eabi/lib/armv7-m/libc.a(lib_a-svfprintf.o)
 .data          0x0000000000000000        0x0 /Applications/lpcxpresso_5.2.4_2122/lpcxpresso/tools/bin/../lib/gcc/arm-none-eabi/4.6.2/../../../../arm-none-eabi/lib/armv7-m/libc.a(lib_a-svfprintf.o)
 .bss           0x0000000000000000        0x0 /Applications/lpcxpresso_5.2.4_2122/lpcxpresso/tools/bin/../lib/gcc/arm-none-eabi/4.6.2/../../../../arm-none-eabi/lib/armv7-m/libc.a(lib_a-svfprintf.o)
 .text._svfprintf_r
                0x0000000000000000     0x1408 /Applications/lpcxpresso_5.2.4_2122/lpcxpresso/tools/bin/../lib/gcc/arm-none-eabi/4.6.2/../../../../arm-none-eabi/lib/armv7-m/libc.a(lib_a-svfprintf.o)
 .rodata.zeroes.6590
                0x0000000000000000       0x10 /Applications/lpcxpresso_5.2.4_2122/lpcxpresso/tools/bin/../lib/gcc/arm-none-eabi/4.6.2/../../../../arm-none-eabi/lib/armv7-m/libc.a(lib_a-svfprintf.o)
 .rodata.str1.4
                0x0000000000000000       0x44 /Applications/lpcxpresso_5.2.4_2122/lpcxpresso/tools/bin/../lib/gcc/arm-none-eabi/4.6.2/../../../../arm-none-eabi/lib/armv7-m/libc.a(lib_a-svfprintf.o)
 .rodata.blanks.6589
                0x0000000000000000       0x10 /Applications/lpcxpresso_5.2.4_2122/lpcxpresso/tools/bin/../lib/gcc/arm-none-eabi/4.6.2/../../../../arm-none-eabi/lib/armv7-m/libc.a(lib_a-svfprintf.o)
 .text          0x0000000000000000        0x0 /Applications/lpcxpresso_5.2.4_2122/lpcxpresso/tools/bin/../lib/gcc/arm-none-eabi/4.6.2/../../../../arm-none-eabi/lib/armv7-m/libc.a(lib_a-dtoa.o)
 .data          0x0000000000000000        0x0 /Applications/lpcxpresso_5.2.4_2122/lpcxpresso/tools/bin/../lib/gcc/arm-none-eabi/4.6.2/../../../../arm-none-eabi/lib/armv7-m/libc.a(lib_a-dtoa.o)
 .bss           0x0000000000000000        0x0 /Applications/lpcxpresso_5.2.4_2122/lpcxpresso/tools/bin/../lib/gcc/arm-none-eabi/4.6.2/../../../../arm-none-eabi/lib/armv7-m/libc.a(lib_a-dtoa.o)
 .text.quorem   0x0000000000000000      0x150 /Applications/lpcxpresso_5.2.4_2122/lpcxpresso/tools/bin/../lib/gcc/arm-none-eabi/4.6.2/../../../../arm-none-eabi/lib/armv7-m/libc.a(lib_a-dtoa.o)
 .text._dtoa_r  0x0000000000000000      0xe60 /Applications/lpcxpresso_5.2.4_2122/lpcxpresso/tools/bin/../lib/gcc/arm-none-eabi/4.6.2/../../../../arm-none-eabi/lib/armv7-m/libc.a(lib_a-dtoa.o)
 .rodata.str1.4
                0x0000000000000000       0x14 /Applications/lpcxpresso_5.2.4_2122/lpcxpresso/tools/bin/../lib/gcc/arm-none-eabi/4.6.2/../../../../arm-none-eabi/lib/armv7-m/libc.a(lib_a-dtoa.o)
 .text          0x0000000000000000        0x0 /Applications/lpcxpresso_5.2.4_2122/lpcxpresso/tools/bin/../lib/gcc/arm-none-eabi/4.6.2/../../../../arm-none-eabi/lib/armv7-m/libc.a(lib_a-impure.o)
 .data          0x0000000000000000        0x0 /Applications/lpcxpresso_5.2.4_2122/lpcxpresso/tools/bin/../lib/gcc/arm-none-eabi/4.6.2/../../../../arm-none-eabi/lib/armv7-m/libc.a(lib_a-impure.o)
 .bss           0x0000000000000000        0x0 /Applications/lpcxpresso_5.2.4_2122/lpcxpresso/tools/bin/../lib/gcc/arm-none-eabi/4.6.2/../../../../arm-none-eabi/lib/armv7-m/libc.a(lib_a-impure.o)
 .data.impure_data
                0x0000000000000000      0x428 /Applications/lpcxpresso_5.2.4_2122/lpcxpresso/tools/bin/../lib/gcc/arm-none-eabi/4.6.2/../../../../arm-none-eabi/lib/armv7-m/libc.a(lib_a-impure.o)
 .data._impure_ptr
                0x0000000000000000        0x4 /Applications/lpcxpresso_5.2.4_2122/lpcxpresso/tools/bin/../lib/gcc/arm-none-eabi/4.6.2/../../../../arm-none-eabi/lib/armv7-m/libc.a(lib_a-impure.o)
 .rodata.str1.4
                0x0000000000000000        0x4 /Applications/lpcxpresso_5.2.4_2122/lpcxpresso/tools/bin/../lib/gcc/arm-none-eabi/4.6.2/../../../../arm-none-eabi/lib/armv7-m/libc.a(lib_a-impure.o)
 .rodata._global_impure_ptr
                0x0000000000000000        0x4 /Applications/lpcxpresso_5.2.4_2122/lpcxpresso/tools/bin/../lib/gcc/arm-none-eabi/4.6.2/../../../../arm-none-eabi/lib/armv7-m/libc.a(lib_a-impure.o)
 .text          0x0000000000000000        0x0 /Applications/lpcxpresso_5.2.4_2122/lpcxpresso/tools/bin/../lib/gcc/arm-none-eabi/4.6.2/../../../../arm-none-eabi/lib/armv7-m/libc.a(lib_a-locale.o)
 .data          0x0000000000000000        0x0 /Applications/lpcxpresso_5.2.4_2122/lpcxpresso/tools/bin/../lib/gcc/arm-none-eabi/4.6.2/../../../../arm-none-eabi/lib/armv7-m/libc.a(lib_a-locale.o)
 .bss           0x0000000000000000        0x0 /Applications/lpcxpresso_5.2.4_2122/lpcxpresso/tools/bin/../lib/gcc/arm-none-eabi/4.6.2/../../../../arm-none-eabi/lib/armv7-m/libc.a(lib_a-locale.o)
 .text._setlocale_r
                0x0000000000000000       0x44 /Applications/lpcxpresso_5.2.4_2122/lpcxpresso/tools/bin/../lib/gcc/arm-none-eabi/4.6.2/../../../../arm-none-eabi/lib/armv7-m/libc.a(lib_a-locale.o)
 .text.__locale_charset
                0x0000000000000000        0xc /Applications/lpcxpresso_5.2.4_2122/lpcxpresso/tools/bin/../lib/gcc/arm-none-eabi/4.6.2/../../../../arm-none-eabi/lib/armv7-m/libc.a(lib_a-locale.o)
 .text.__locale_mb_cur_max
                0x0000000000000000        0xc /Applications/lpcxpresso_5.2.4_2122/lpcxpresso/tools/bin/../lib/gcc/arm-none-eabi/4.6.2/../../../../arm-none-eabi/lib/armv7-m/libc.a(lib_a-locale.o)
 .text.__locale_msgcharset
                0x0000000000000000        0xc /Applications/lpcxpresso_5.2.4_2122/lpcxpresso/tools/bin/../lib/gcc/arm-none-eabi/4.6.2/../../../../arm-none-eabi/lib/armv7-m/libc.a(lib_a-locale.o)
 .text.__locale_cjk_lang
                0x0000000000000000        0x4 /Applications/lpcxpresso_5.2.4_2122/lpcxpresso/tools/bin/../lib/gcc/arm-none-eabi/4.6.2/../../../../arm-none-eabi/lib/armv7-m/libc.a(lib_a-locale.o)
 .text._localeconv_r
                0x0000000000000000        0xc /Applications/lpcxpresso_5.2.4_2122/lpcxpresso/tools/bin/../lib/gcc/arm-none-eabi/4.6.2/../../../../arm-none-eabi/lib/armv7-m/libc.a(lib_a-locale.o)
 .text.setlocale
                0x0000000000000000       0x14 /Applications/lpcxpresso_5.2.4_2122/lpcxpresso/tools/bin/../lib/gcc/arm-none-eabi/4.6.2/../../../../arm-none-eabi/lib/armv7-m/libc.a(lib_a-locale.o)
 .text.localeconv
                0x0000000000000000        0xc /Applications/lpcxpresso_5.2.4_2122/lpcxpresso/tools/bin/../lib/gcc/arm-none-eabi/4.6.2/../../../../arm-none-eabi/lib/armv7-m/libc.a(lib_a-locale.o)
 .data.lc_message_charset
                0x0000000000000000       0x20 /Applications/lpcxpresso_5.2.4_2122/lpcxpresso/tools/bin/../lib/gcc/arm-none-eabi/4.6.2/../../../../arm-none-eabi/lib/armv7-m/libc.a(lib_a-locale.o)
 .bss._PathLocale
                0x0000000000000000        0x4 /Applications/lpcxpresso_5.2.4_2122/lpcxpresso/tools/bin/../lib/gcc/arm-none-eabi/4.6.2/../../../../arm-none-eabi/lib/armv7-m/libc.a(lib_a-locale.o)
 .bss.__nlocale_changed
                0x0000000000000000        0x4 /Applications/lpcxpresso_5.2.4_2122/lpcxpresso/tools/bin/../lib/gcc/arm-none-eabi/4.6.2/../../../../arm-none-eabi/lib/armv7-m/libc.a(lib_a-locale.o)
 .bss.__mlocale_changed
                0x0000000000000000        0x4 /Applications/lpcxpresso_5.2.4_2122/lpcxpresso/tools/bin/../lib/gcc/arm-none-eabi/4.6.2/../../../../arm-none-eabi/lib/armv7-m/libc.a(lib_a-locale.o)
 .data.lconv    0x0000000000000000       0x38 /Applications/lpcxpresso_5.2.4_2122/lpcxpresso/tools/bin/../lib/gcc/arm-none-eabi/4.6.2/../../../../arm-none-eabi/lib/armv7-m/libc.a(lib_a-locale.o)
 .rodata.str1.4
                0x0000000000000000       0x14 /Applications/lpcxpresso_5.2.4_2122/lpcxpresso/tools/bin/../lib/gcc/arm-none-eabi/4.6.2/../../../../arm-none-eabi/lib/armv7-m/libc.a(lib_a-locale.o)
 .data.lc_ctype_charset
                0x0000000000000000       0x20 /Applications/lpcxpresso_5.2.4_2122/lpcxpresso/tools/bin/../lib/gcc/arm-none-eabi/4.6.2/../../../../arm-none-eabi/lib/armv7-m/libc.a(lib_a-locale.o)
 .data.__mb_cur_max
                0x0000000000000000        0x4 /Applications/lpcxpresso_5.2.4_2122/lpcxpresso/tools/bin/../lib/gcc/arm-none-eabi/4.6.2/../../../../arm-none-eabi/lib/armv7-m/libc.a(lib_a-locale.o)
 .text          0x0000000000000000        0x0 /Applications/lpcxpresso_5.2.4_2122/lpcxpresso/tools/bin/../lib/gcc/arm-none-eabi/4.6.2/../../../../arm-none-eabi/lib/armv7-m/libc.a(lib_a-mallocr.o)
 .data          0x0000000000000000        0x0 /Applications/lpcxpresso_5.2.4_2122/lpcxpresso/tools/bin/../lib/gcc/arm-none-eabi/4.6.2/../../../../arm-none-eabi/lib/armv7-m/libc.a(lib_a-mallocr.o)
 .bss           0x0000000000000000        0x0 /Applications/lpcxpresso_5.2.4_2122/lpcxpresso/tools/bin/../lib/gcc/arm-none-eabi/4.6.2/../../../../arm-none-eabi/lib/armv7-m/libc.a(lib_a-mallocr.o)
 .text._malloc_r
                0x0000000000000000      0x528 /Applications/lpcxpresso_5.2.4_2122/lpcxpresso/tools/bin/../lib/gcc/arm-none-eabi/4.6.2/../../../../arm-none-eabi/lib/armv7-m/libc.a(lib_a-mallocr.o)
 .data.__malloc_av_
                0x0000000000000000      0x408 /Applications/lpcxpresso_5.2.4_2122/lpcxpresso/tools/bin/../lib/gcc/arm-none-eabi/4.6.2/../../../../arm-none-eabi/lib/armv7-m/libc.a(lib_a-mallocr.o)
 .data.__malloc_trim_threshold
                0x0000000000000000        0x4 /Applications/lpcxpresso_5.2.4_2122/lpcxpresso/tools/bin/../lib/gcc/arm-none-eabi/4.6.2/../../../../arm-none-eabi/lib/armv7-m/libc.a(lib_a-mallocr.o)
 .bss.__malloc_max_total_mem
                0x0000000000000000        0x4 /Applications/lpcxpresso_5.2.4_2122/lpcxpresso/tools/bin/../lib/gcc/arm-none-eabi/4.6.2/../../../../arm-none-eabi/lib/armv7-m/libc.a(lib_a-mallocr.o)
 .bss.__malloc_max_sbrked_mem
                0x0000000000000000        0x4 /Applications/lpcxpresso_5.2.4_2122/lpcxpresso/tools/bin/../lib/gcc/arm-none-eabi/4.6.2/../../../../arm-none-eabi/lib/armv7-m/libc.a(lib_a-mallocr.o)
 .bss.__malloc_top_pad
                0x0000000000000000        0x4 /Applications/lpcxpresso_5.2.4_2122/lpcxpresso/tools/bin/../lib/gcc/arm-none-eabi/4.6.2/../../../../arm-none-eabi/lib/armv7-m/libc.a(lib_a-mallocr.o)
 .bss.__malloc_current_mallinfo
                0x0000000000000000       0x28 /Applications/lpcxpresso_5.2.4_2122/lpcxpresso/tools/bin/../lib/gcc/arm-none-eabi/4.6.2/../../../../arm-none-eabi/lib/armv7-m/libc.a(lib_a-mallocr.o)
 .data.__malloc_sbrk_base
                0x0000000000000000        0x4 /Applications/lpcxpresso_5.2.4_2122/lpcxpresso/tools/bin/../lib/gcc/arm-none-eabi/4.6.2/../../../../arm-none-eabi/lib/armv7-m/libc.a(lib_a-mallocr.o)
 .text          0x0000000000000000        0x0 /Applications/lpcxpresso_5.2.4_2122/lpcxpresso/tools/bin/../lib/gcc/arm-none-eabi/4.6.2/../../../../arm-none-eabi/lib/armv7-m/libc.a(lib_a-memchr.o)
 .data          0x0000000000000000        0x0 /Applications/lpcxpresso_5.2.4_2122/lpcxpresso/tools/bin/../lib/gcc/arm-none-eabi/4.6.2/../../../../arm-none-eabi/lib/armv7-m/libc.a(lib_a-memchr.o)
 .bss           0x0000000000000000        0x0 /Applications/lpcxpresso_5.2.4_2122/lpcxpresso/tools/bin/../lib/gcc/arm-none-eabi/4.6.2/../../../../arm-none-eabi/lib/armv7-m/libc.a(lib_a-memchr.o)
 .text.memchr   0x0000000000000000       0x84 /Applications/lpcxpresso_5.2.4_2122/lpcxpresso/tools/bin/../lib/gcc/arm-none-eabi/4.6.2/../../../../arm-none-eabi/lib/armv7-m/libc.a(lib_a-memchr.o)
 .text          0x0000000000000000        0x0 /Applications/lpcxpresso_5.2.4_2122/lpcxpresso/tools/bin/../lib/gcc/arm-none-eabi/4.6.2/../../../../arm-none-eabi/lib/armv7-m/libc.a(lib_a-mlock.o)
 .data          0x0000000000000000        0x0 /Applications/lpcxpresso_5.2.4_2122/lpcxpresso/tools/bin/../lib/gcc/arm-none-eabi/4.6.2/../../../../arm-none-eabi/lib/armv7-m/libc.a(lib_a-mlock.o)
 .bss           0x0000000000000000        0x0 /Applications/lpcxpresso_5.2.4_2122/lpcxpresso/tools/bin/../lib/gcc/arm-none-eabi/4.6.2/../../../../arm-none-eabi/lib/armv7-m/libc.a(lib_a-mlock.o)
 .text.__malloc_lock
                0x0000000000000000        0x4 /Applications/lpcxpresso_5.2.4_2122/lpcxpresso/tools/bin/../lib/gcc/arm-none-eabi/4.6.2/../../../../arm-none-eabi/lib/armv7-m/libc.a(lib_a-mlock.o)
 .text.__malloc_unlock
                0x0000000000000000        0x4 /Applications/lpcxpresso_5.2.4_2122/lpcxpresso/tools/bin/../lib/gcc/arm-none-eabi/4.6.2/../../../../arm-none-eabi/lib/armv7-m/libc.a(lib_a-mlock.o)
 .text          0x0000000000000000        0x0 /Applications/lpcxpresso_5.2.4_2122/lpcxpresso/tools/bin/../lib/gcc/arm-none-eabi/4.6.2/../../../../arm-none-eabi/lib/armv7-m/libc.a(lib_a-mprec.o)
 .data          0x0000000000000000        0x0 /Applications/lpcxpresso_5.2.4_2122/lpcxpresso/tools/bin/../lib/gcc/arm-none-eabi/4.6.2/../../../../arm-none-eabi/lib/armv7-m/libc.a(lib_a-mprec.o)
 .bss           0x0000000000000000        0x0 /Applications/lpcxpresso_5.2.4_2122/lpcxpresso/tools/bin/../lib/gcc/arm-none-eabi/4.6.2/../../../../arm-none-eabi/lib/armv7-m/libc.a(lib_a-mprec.o)
 .text._Balloc  0x0000000000000000       0x4c /Applications/lpcxpresso_5.2.4_2122/lpcxpresso/tools/bin/../lib/gcc/arm-none-eabi/4.6.2/../../../../arm-none-eabi/lib/armv7-m/libc.a(lib_a-mprec.o)
 .text._Bfree   0x0000000000000000       0x14 /Applications/lpcxpresso_5.2.4_2122/lpcxpresso/tools/bin/../lib/gcc/arm-none-eabi/4.6.2/../../../../arm-none-eabi/lib/armv7-m/libc.a(lib_a-mprec.o)
 .text.__multadd
                0x0000000000000000       0x84 /Applications/lpcxpresso_5.2.4_2122/lpcxpresso/tools/bin/../lib/gcc/arm-none-eabi/4.6.2/../../../../arm-none-eabi/lib/armv7-m/libc.a(lib_a-mprec.o)
 .text.__s2b    0x0000000000000000       0x98 /Applications/lpcxpresso_5.2.4_2122/lpcxpresso/tools/bin/../lib/gcc/arm-none-eabi/4.6.2/../../../../arm-none-eabi/lib/armv7-m/libc.a(lib_a-mprec.o)
 .text.__hi0bits
                0x0000000000000000       0x3c /Applications/lpcxpresso_5.2.4_2122/lpcxpresso/tools/bin/../lib/gcc/arm-none-eabi/4.6.2/../../../../arm-none-eabi/lib/armv7-m/libc.a(lib_a-mprec.o)
 .text.__lo0bits
                0x0000000000000000       0x5c /Applications/lpcxpresso_5.2.4_2122/lpcxpresso/tools/bin/../lib/gcc/arm-none-eabi/4.6.2/../../../../arm-none-eabi/lib/armv7-m/libc.a(lib_a-mprec.o)
 .text.__i2b    0x0000000000000000       0x14 /Applications/lpcxpresso_5.2.4_2122/lpcxpresso/tools/bin/../lib/gcc/arm-none-eabi/4.6.2/../../../../arm-none-eabi/lib/armv7-m/libc.a(lib_a-mprec.o)
 .text.__multiply
                0x0000000000000000      0x144 /Applications/lpcxpresso_5.2.4_2122/lpcxpresso/tools/bin/../lib/gcc/arm-none-eabi/4.6.2/../../../../arm-none-eabi/lib/armv7-m/libc.a(lib_a-mprec.o)
 .text.__pow5mult
                0x0000000000000000       0x98 /Applications/lpcxpresso_5.2.4_2122/lpcxpresso/tools/bin/../lib/gcc/arm-none-eabi/4.6.2/../../../../arm-none-eabi/lib/armv7-m/libc.a(lib_a-mprec.o)
 .text.__lshift
                0x0000000000000000       0xc0 /Applications/lpcxpresso_5.2.4_2122/lpcxpresso/tools/bin/../lib/gcc/arm-none-eabi/4.6.2/../../../../arm-none-eabi/lib/armv7-m/libc.a(lib_a-mprec.o)
 .text.__mcmp   0x0000000000000000       0x3c /Applications/lpcxpresso_5.2.4_2122/lpcxpresso/tools/bin/../lib/gcc/arm-none-eabi/4.6.2/../../../../arm-none-eabi/lib/armv7-m/libc.a(lib_a-mprec.o)
 .text.__mdiff  0x0000000000000000       0xd8 /Applications/lpcxpresso_5.2.4_2122/lpcxpresso/tools/bin/../lib/gcc/arm-none-eabi/4.6.2/../../../../arm-none-eabi/lib/armv7-m/libc.a(lib_a-mprec.o)
 .text.__ulp    0x0000000000000000       0x44 /Applications/lpcxpresso_5.2.4_2122/lpcxpresso/tools/bin/../lib/gcc/arm-none-eabi/4.6.2/../../../../arm-none-eabi/lib/armv7-m/libc.a(lib_a-mprec.o)
 .text.__b2d    0x0000000000000000       0xb8 /Applications/lpcxpresso_5.2.4_2122/lpcxpresso/tools/bin/../lib/gcc/arm-none-eabi/4.6.2/../../../../arm-none-eabi/lib/armv7-m/libc.a(lib_a-mprec.o)
 .text.__d2b    0x0000000000000000       0xcc /Applications/lpcxpresso_5.2.4_2122/lpcxpresso/tools/bin/../lib/gcc/arm-none-eabi/4.6.2/../../../../arm-none-eabi/lib/armv7-m/libc.a(lib_a-mprec.o)
 .text.__ratio  0x0000000000000000       0x54 /Applications/lpcxpresso_5.2.4_2122/lpcxpresso/tools/bin/../lib/gcc/arm-none-eabi/4.6.2/../../../../arm-none-eabi/lib/armv7-m/libc.a(lib_a-mprec.o)
 .text._mprec_log10
                0x0000000000000000       0x34 /Applications/lpcxpresso_5.2.4_2122/lpcxpresso/tools/bin/../lib/gcc/arm-none-eabi/4.6.2/../../../../arm-none-eabi/lib/armv7-m/libc.a(lib_a-mprec.o)
 .text.__copybits
                0x0000000000000000       0x48 /Applications/lpcxpresso_5.2.4_2122/lpcxpresso/tools/bin/../lib/gcc/arm-none-eabi/4.6.2/../../../../arm-none-eabi/lib/armv7-m/libc.a(lib_a-mprec.o)
 .text.__any_on
                0x0000000000000000       0x60 /Applications/lpcxpresso_5.2.4_2122/lpcxpresso/tools/bin/../lib/gcc/arm-none-eabi/4.6.2/../../../../arm-none-eabi/lib/armv7-m/libc.a(lib_a-mprec.o)
 .rodata.__mprec_tens
                0x0000000000000000       0xc8 /Applications/lpcxpresso_5.2.4_2122/lpcxpresso/tools/bin/../lib/gcc/arm-none-eabi/4.6.2/../../../../arm-none-eabi/lib/armv7-m/libc.a(lib_a-mprec.o)
 .rodata.__mprec_bigtens
                0x0000000000000000       0x28 /Applications/lpcxpresso_5.2.4_2122/lpcxpresso/tools/bin/../lib/gcc/arm-none-eabi/4.6.2/../../../../arm-none-eabi/lib/armv7-m/libc.a(lib_a-mprec.o)
 .rodata.__mprec_tinytens
                0x0000000000000000       0x28 /Applications/lpcxpresso_5.2.4_2122/lpcxpresso/tools/bin/../lib/gcc/arm-none-eabi/4.6.2/../../../../arm-none-eabi/lib/armv7-m/libc.a(lib_a-mprec.o)
 .rodata.p05.5111
                0x0000000000000000        0xc /Applications/lpcxpresso_5.2.4_2122/lpcxpresso/tools/bin/../lib/gcc/arm-none-eabi/4.6.2/../../../../arm-none-eabi/lib/armv7-m/libc.a(lib_a-mprec.o)
 .text          0x0000000000000000        0x0 /Applications/lpcxpresso_5.2.4_2122/lpcxpresso/tools/bin/../lib/gcc/arm-none-eabi/4.6.2/../../../../arm-none-eabi/lib/armv7-m/libc.a(lib_a-s_fpclassify.o)
 .data          0x0000000000000000        0x0 /Applications/lpcxpresso_5.2.4_2122/lpcxpresso/tools/bin/../lib/gcc/arm-none-eabi/4.6.2/../../../../arm-none-eabi/lib/armv7-m/libc.a(lib_a-s_fpclassify.o)
 .bss           0x0000000000000000        0x0 /Applications/lpcxpresso_5.2.4_2122/lpcxpresso/tools/bin/../lib/gcc/arm-none-eabi/4.6.2/../../../../arm-none-eabi/lib/armv7-m/libc.a(lib_a-s_fpclassify.o)
 .text.__fpclassifyd
                0x0000000000000000       0x68 /Applications/lpcxpresso_5.2.4_2122/lpcxpresso/tools/bin/../lib/gcc/arm-none-eabi/4.6.2/../../../../arm-none-eabi/lib/armv7-m/libc.a(lib_a-s_fpclassify.o)
 .text          0x0000000000000000        0x0 /Applications/lpcxpresso_5.2.4_2122/lpcxpresso/tools/bin/../lib/gcc/arm-none-eabi/4.6.2/../../../../arm-none-eabi/lib/armv7-m/libc.a(lib_a-sbrkr.o)
 .data          0x0000000000000000        0x0 /Applications/lpcxpresso_5.2.4_2122/lpcxpresso/tools/bin/../lib/gcc/arm-none-eabi/4.6.2/../../../../arm-none-eabi/lib/armv7-m/libc.a(lib_a-sbrkr.o)
 .bss           0x0000000000000000        0x0 /Applications/lpcxpresso_5.2.4_2122/lpcxpresso/tools/bin/../lib/gcc/arm-none-eabi/4.6.2/../../../../arm-none-eabi/lib/armv7-m/libc.a(lib_a-sbrkr.o)
 .text._sbrk_r  0x0000000000000000       0x24 /Applications/lpcxpresso_5.2.4_2122/lpcxpresso/tools/bin/../lib/gcc/arm-none-eabi/4.6.2/../../../../arm-none-eabi/lib/armv7-m/libc.a(lib_a-sbrkr.o)
 .text          0x0000000000000000        0x0 /Applications/lpcxpresso_5.2.4_2122/lpcxpresso/tools/bin/../lib/gcc/arm-none-eabi/4.6.2/../../../../arm-none-eabi/lib/armv7-m/libc.a(lib_a-strcmp.o)
 .data          0x0000000000000000        0x0 /Applications/lpcxpresso_5.2.4_2122/lpcxpresso/tools/bin/../lib/gcc/arm-none-eabi/4.6.2/../../../../arm-none-eabi/lib/armv7-m/libc.a(lib_a-strcmp.o)
 .bss           0x0000000000000000        0x0 /Applications/lpcxpresso_5.2.4_2122/lpcxpresso/tools/bin/../lib/gcc/arm-none-eabi/4.6.2/../../../../arm-none-eabi/lib/armv7-m/libc.a(lib_a-strcmp.o)
 .text.strcmp   0x0000000000000000       0x80 /Applications/lpcxpresso_5.2.4_2122/lpcxpresso/tools/bin/../lib/gcc/arm-none-eabi/4.6.2/../../../../arm-none-eabi/lib/armv7-m/libc.a(lib_a-strcmp.o)
 .text.strcmp_unaligned
                0x0000000000000000      0x15c /Applications/lpcxpresso_5.2.4_2122/lpcxpresso/tools/bin/../lib/gcc/arm-none-eabi/4.6.2/../../../../arm-none-eabi/lib/armv7-m/libc.a(lib_a-strcmp.o)
 .text          0x0000000000000000        0x0 /Applications/lpcxpresso_5.2.4_2122/lpcxpresso/tools/bin/../lib/gcc/arm-none-eabi/4.6.2/../../../../arm-none-eabi/lib/armv7-m/libc.a(lib_a-strlen.o)
 .data          0x0000000000000000        0x0 /Applications/lpcxpresso_5.2.4_2122/lpcxpresso/tools/bin/../lib/gcc/arm-none-eabi/4.6.2/../../../../arm-none-eabi/lib/armv7-m/libc.a(lib_a-strlen.o)
 .bss           0x0000000000000000        0x0 /Applications/lpcxpresso_5.2.4_2122/lpcxpresso/tools/bin/../lib/gcc/arm-none-eabi/4.6.2/../../../../arm-none-eabi/lib/armv7-m/libc.a(lib_a-strlen.o)
 .text.strlen   0x0000000000000000       0x60 /Applications/lpcxpresso_5.2.4_2122/lpcxpresso/tools/bin/../lib/gcc/arm-none-eabi/4.6.2/../../../../arm-none-eabi/lib/armv7-m/libc.a(lib_a-strlen.o)
 .text          0x0000000000000000        0x0 /Applications/lpcxpresso_5.2.4_2122/lpcxpresso/tools/bin/../lib/gcc/arm-none-eabi/4.6.2/../../../../arm-none-eabi/lib/armv7-m/libc.a(lib_a-svfiprintf.o)
 .data          0x0000000000000000        0x0 /Applications/lpcxpresso_5.2.4_2122/lpcxpresso/tools/bin/../lib/gcc/arm-none-eabi/4.6.2/../../../../arm-none-eabi/lib/armv7-m/libc.a(lib_a-svfiprintf.o)
 .bss           0x0000000000000000        0x0 /Applications/lpcxpresso_5.2.4_2122/lpcxpresso/tools/bin/../lib/gcc/arm-none-eabi/4.6.2/../../../../arm-none-eabi/lib/armv7-m/libc.a(lib_a-svfiprintf.o)
 .text.__ssprint_r
                0x0000000000000000       0xf8 /Applications/lpcxpresso_5.2.4_2122/lpcxpresso/tools/bin/../lib/gcc/arm-none-eabi/4.6.2/../../../../arm-none-eabi/lib/armv7-m/libc.a(lib_a-svfiprintf.o)
 .text._svfiprintf_r
                0x0000000000000000      0xa30 /Applications/lpcxpresso_5.2.4_2122/lpcxpresso/tools/bin/../lib/gcc/arm-none-eabi/4.6.2/../../../../arm-none-eabi/lib/armv7-m/libc.a(lib_a-svfiprintf.o)
 .rodata.zeroes.6534
                0x0000000000000000       0x10 /Applications/lpcxpresso_5.2.4_2122/lpcxpresso/tools/bin/../lib/gcc/arm-none-eabi/4.6.2/../../../../arm-none-eabi/lib/armv7-m/libc.a(lib_a-svfiprintf.o)
 .rodata.str1.4
                0x0000000000000000       0x30 /Applications/lpcxpresso_5.2.4_2122/lpcxpresso/tools/bin/../lib/gcc/arm-none-eabi/4.6.2/../../../../arm-none-eabi/lib/armv7-m/libc.a(lib_a-svfiprintf.o)
 .rodata.blanks.6533
                0x0000000000000000       0x10 /Applications/lpcxpresso_5.2.4_2122/lpcxpresso/tools/bin/../lib/gcc/arm-none-eabi/4.6.2/../../../../arm-none-eabi/lib/armv7-m/libc.a(lib_a-svfiprintf.o)
 .text          0x0000000000000000        0x0 /Applications/lpcxpresso_5.2.4_2122/lpcxpresso/tools/bin/../lib/gcc/arm-none-eabi/4.6.2/../../../../arm-none-eabi/lib/armv7-m/libc.a(lib_a-callocr.o)
 .data          0x0000000000000000        0x0 /Applications/lpcxpresso_5.2.4_2122/lpcxpresso/tools/bin/../lib/gcc/arm-none-eabi/4.6.2/../../../../arm-none-eabi/lib/armv7-m/libc.a(lib_a-callocr.o)
 .bss           0x0000000000000000        0x0 /Applications/lpcxpresso_5.2.4_2122/lpcxpresso/tools/bin/../lib/gcc/arm-none-eabi/4.6.2/../../../../arm-none-eabi/lib/armv7-m/libc.a(lib_a-callocr.o)
 .text._calloc_r
                0x0000000000000000       0x60 /Applications/lpcxpresso_5.2.4_2122/lpcxpresso/tools/bin/../lib/gcc/arm-none-eabi/4.6.2/../../../../arm-none-eabi/lib/armv7-m/libc.a(lib_a-callocr.o)
 .text          0x0000000000000000        0x0 /Applications/lpcxpresso_5.2.4_2122/lpcxpresso/tools/bin/../lib/gcc/arm-none-eabi/4.6.2/../../../../arm-none-eabi/lib/armv7-m/libc.a(lib_a-freer.o)
 .data          0x0000000000000000        0x0 /Applications/lpcxpresso_5.2.4_2122/lpcxpresso/tools/bin/../lib/gcc/arm-none-eabi/4.6.2/../../../../arm-none-eabi/lib/armv7-m/libc.a(lib_a-freer.o)
 .bss           0x0000000000000000        0x0 /Applications/lpcxpresso_5.2.4_2122/lpcxpresso/tools/bin/../lib/gcc/arm-none-eabi/4.6.2/../../../../arm-none-eabi/lib/armv7-m/libc.a(lib_a-freer.o)
 .text._malloc_trim_r
                0x0000000000000000       0xa0 /Applications/lpcxpresso_5.2.4_2122/lpcxpresso/tools/bin/../lib/gcc/arm-none-eabi/4.6.2/../../../../arm-none-eabi/lib/armv7-m/libc.a(lib_a-freer.o)
 .text._free_r  0x0000000000000000      0x190 /Applications/lpcxpresso_5.2.4_2122/lpcxpresso/tools/bin/../lib/gcc/arm-none-eabi/4.6.2/../../../../arm-none-eabi/lib/armv7-m/libc.a(lib_a-freer.o)
 .text          0x0000000000000000        0x0 /Applications/lpcxpresso_5.2.4_2122/lpcxpresso/tools/bin/../lib/gcc/arm-none-eabi/4.6.2/../../../../arm-none-eabi/lib/armv7-m/libc.a(lib_a-memmove.o)
 .data          0x0000000000000000        0x0 /Applications/lpcxpresso_5.2.4_2122/lpcxpresso/tools/bin/../lib/gcc/arm-none-eabi/4.6.2/../../../../arm-none-eabi/lib/armv7-m/libc.a(lib_a-memmove.o)
 .bss           0x0000000000000000        0x0 /Applications/lpcxpresso_5.2.4_2122/lpcxpresso/tools/bin/../lib/gcc/arm-none-eabi/4.6.2/../../../../arm-none-eabi/lib/armv7-m/libc.a(lib_a-memmove.o)
 .text.memmove  0x0000000000000000       0xb0 /Applications/lpcxpresso_5.2.4_2122/lpcxpresso/tools/bin/../lib/gcc/arm-none-eabi/4.6.2/../../../../arm-none-eabi/lib/armv7-m/libc.a(lib_a-memmove.o)
 .text          0x0000000000000000        0x0 /Applications/lpcxpresso_5.2.4_2122/lpcxpresso/tools/bin/../lib/gcc/arm-none-eabi/4.6.2/../../../../arm-none-eabi/lib/armv7-m/libc.a(lib_a-reallocr.o)
 .data          0x0000000000000000        0x0 /Applications/lpcxpresso_5.2.4_2122/lpcxpresso/tools/bin/../lib/gcc/arm-none-eabi/4.6.2/../../../../arm-none-eabi/lib/armv7-m/libc.a(lib_a-reallocr.o)
 .bss           0x0000000000000000        0x0 /Applications/lpcxpresso_5.2.4_2122/lpcxpresso/tools/bin/../lib/gcc/arm-none-eabi/4.6.2/../../../../arm-none-eabi/lib/armv7-m/libc.a(lib_a-reallocr.o)
 .text._realloc_r
                0x0000000000000000      0x3f4 /Applications/lpcxpresso_5.2.4_2122/lpcxpresso/tools/bin/../lib/gcc/arm-none-eabi/4.6.2/../../../../arm-none-eabi/lib/armv7-m/libc.a(lib_a-reallocr.o)
 .text          0x0000000000000000        0x0 /Applications/lpcxpresso_5.2.4_2122/lpcxpresso/tools/bin/../lib/gcc/arm-none-eabi/4.6.2/../../../../arm-none-eabi/lib/armv7-m/libc.a(lib_a-reent.o)
 .data          0x0000000000000000        0x0 /Applications/lpcxpresso_5.2.4_2122/lpcxpresso/tools/bin/../lib/gcc/arm-none-eabi/4.6.2/../../../../arm-none-eabi/lib/armv7-m/libc.a(lib_a-reent.o)
 .bss           0x0000000000000000        0x0 /Applications/lpcxpresso_5.2.4_2122/lpcxpresso/tools/bin/../lib/gcc/arm-none-eabi/4.6.2/../../../../arm-none-eabi/lib/armv7-m/libc.a(lib_a-reent.o)
 .text.cleanup_glue
                0x0000000000000000       0x1c /Applications/lpcxpresso_5.2.4_2122/lpcxpresso/tools/bin/../lib/gcc/arm-none-eabi/4.6.2/../../../../arm-none-eabi/lib/armv7-m/libc.a(lib_a-reent.o)
 .text._reclaim_reent
                0x0000000000000000       0x90 /Applications/lpcxpresso_5.2.4_2122/lpcxpresso/tools/bin/../lib/gcc/arm-none-eabi/4.6.2/../../../../arm-none-eabi/lib/armv7-m/libc.a(lib_a-reent.o)
 .text._wrapup_reent
                0x0000000000000000       0x40 /Applications/lpcxpresso_5.2.4_2122/lpcxpresso/tools/bin/../lib/gcc/arm-none-eabi/4.6.2/../../../../arm-none-eabi/lib/armv7-m/libc.a(lib_a-reent.o)
 COMMON         0x0000000000000000        0x4 /Applications/lpcxpresso_5.2.4_2122/lpcxpresso/tools/bin/../lib/gcc/arm-none-eabi/4.6.2/../../../../arm-none-eabi/lib/armv7-m/libc.a(lib_a-reent.o)
 .text          0x0000000000000000      0x370 /Applications/lpcxpresso_5.2.4_2122/lpcxpresso/tools/bin/../lib/gcc/arm-none-eabi/4.6.2/armv7-m/libgcc.a(_arm_addsubdf3.o)
 .data          0x0000000000000000        0x0 /Applications/lpcxpresso_5.2.4_2122/lpcxpresso/tools/bin/../lib/gcc/arm-none-eabi/4.6.2/armv7-m/libgcc.a(_arm_addsubdf3.o)
 .bss           0x0000000000000000        0x0 /Applications/lpcxpresso_5.2.4_2122/lpcxpresso/tools/bin/../lib/gcc/arm-none-eabi/4.6.2/armv7-m/libgcc.a(_arm_addsubdf3.o)
 .text          0x0000000000000000      0x424 /Applications/lpcxpresso_5.2.4_2122/lpcxpresso/tools/bin/../lib/gcc/arm-none-eabi/4.6.2/armv7-m/libgcc.a(_arm_muldivdf3.o)
 .data          0x0000000000000000        0x0 /Applications/lpcxpresso_5.2.4_2122/lpcxpresso/tools/bin/../lib/gcc/arm-none-eabi/4.6.2/armv7-m/libgcc.a(_arm_muldivdf3.o)
 .bss           0x0000000000000000        0x0 /Applications/lpcxpresso_5.2.4_2122/lpcxpresso/tools/bin/../lib/gcc/arm-none-eabi/4.6.2/armv7-m/libgcc.a(_arm_muldivdf3.o)
 .text          0x0000000000000000      0x110 /Applications/lpcxpresso_5.2.4_2122/lpcxpresso/tools/bin/../lib/gcc/arm-none-eabi/4.6.2/armv7-m/libgcc.a(_arm_cmpdf2.o)
 .data          0x0000000000000000        0x0 /Applications/lpcxpresso_5.2.4_2122/lpcxpresso/tools/bin/../lib/gcc/arm-none-eabi/4.6.2/armv7-m/libgcc.a(_arm_cmpdf2.o)
 .bss           0x0000000000000000        0x0 /Applications/lpcxpresso_5.2.4_2122/lpcxpresso/tools/bin/../lib/gcc/arm-none-eabi/4.6.2/armv7-m/libgcc.a(_arm_cmpdf2.o)
 .text          0x0000000000000000       0x50 /Applications/lpcxpresso_5.2.4_2122/lpcxpresso/tools/bin/../lib/gcc/arm-none-eabi/4.6.2/armv7-m/libgcc.a(_arm_fixdfsi.o)
 .data          0x0000000000000000        0x0 /Applications/lpcxpresso_5.2.4_2122/lpcxpresso/tools/bin/../lib/gcc/arm-none-eabi/4.6.2/armv7-m/libgcc.a(_arm_fixdfsi.o)
 .bss           0x0000000000000000        0x0 /Applications/lpcxpresso_5.2.4_2122/lpcxpresso/tools/bin/../lib/gcc/arm-none-eabi/4.6.2/armv7-m/libgcc.a(_arm_fixdfsi.o)
 .text          0x0000000000000000       0x2c /Applications/lpcxpresso_5.2.4_2122/lpcxpresso/tools/bin/../lib/gcc/arm-none-eabi/4.6.2/armv7-m/libgcc.a(_aeabi_uldivmod.o)
 .data          0x0000000000000000        0x0 /Applications/lpcxpresso_5.2.4_2122/lpcxpresso/tools/bin/../lib/gcc/arm-none-eabi/4.6.2/armv7-m/libgcc.a(_aeabi_uldivmod.o)
 .bss           0x0000000000000000        0x0 /Applications/lpcxpresso_5.2.4_2122/lpcxpresso/tools/bin/../lib/gcc/arm-none-eabi/4.6.2/armv7-m/libgcc.a(_aeabi_uldivmod.o)
 .text          0x0000000000000000       0x5c /Applications/lpcxpresso_5.2.4_2122/lpcxpresso/tools/bin/../lib/gcc/arm-none-eabi/4.6.2/armv7-m/libgcc.a(bpabi.o)
 .data          0x0000000000000000        0x0 /Applications/lpcxpresso_5.2.4_2122/lpcxpresso/tools/bin/../lib/gcc/arm-none-eabi/4.6.2/armv7-m/libgcc.a(bpabi.o)
 .bss           0x0000000000000000        0x0 /Applications/lpcxpresso_5.2.4_2122/lpcxpresso/tools/bin/../lib/gcc/arm-none-eabi/4.6.2/armv7-m/libgcc.a(bpabi.o)
 .text          0x0000000000000000        0x4 /Applications/lpcxpresso_5.2.4_2122/lpcxpresso/tools/bin/../lib/gcc/arm-none-eabi/4.6.2/armv7-m/libgcc.a(_dvmd_tls.o)
 .data          0x0000000000000000        0x0 /Applications/lpcxpresso_5.2.4_2122/lpcxpresso/tools/bin/../lib/gcc/arm-none-eabi/4.6.2/armv7-m/libgcc.a(_dvmd_tls.o)
 .bss           0x0000000000000000        0x0 /Applications/lpcxpresso_5.2.4_2122/lpcxpresso/tools/bin/../lib/gcc/arm-none-eabi/4.6.2/armv7-m/libgcc.a(_dvmd_tls.o)
 .text          0x0000000000000000      0x2c8 /Applications/lpcxpresso_5.2.4_2122/lpcxpresso/tools/bin/../lib/gcc/arm-none-eabi/4.6.2/armv7-m/libgcc.a(_divdi3.o)
 .data          0x0000000000000000        0x0 /Applications/lpcxpresso_5.2.4_2122/lpcxpresso/tools/bin/../lib/gcc/arm-none-eabi/4.6.2/armv7-m/libgcc.a(_divdi3.o)
 .bss           0x0000000000000000        0x0 /Applications/lpcxpresso_5.2.4_2122/lpcxpresso/tools/bin/../lib/gcc/arm-none-eabi/4.6.2/armv7-m/libgcc.a(_divdi3.o)
 .ARM.extab     0x0000000000000000        0x0 /Applications/lpcxpresso_5.2.4_2122/lpcxpresso/tools/bin/../lib/gcc/arm-none-eabi/4.6.2/armv7-m/libgcc.a(_divdi3.o)
 .ARM.exidx     0x0000000000000000        0x8 /Applications/lpcxpresso_5.2.4_2122/lpcxpresso/tools/bin/../lib/gcc/arm-none-eabi/4.6.2/armv7-m/libgcc.a(_divdi3.o)
 .text          0x0000000000000000      0x298 /Applications/lpcxpresso_5.2.4_2122/lpcxpresso/tools/bin/../lib/gcc/arm-none-eabi/4.6.2/armv7-m/libgcc.a(_udivdi3.o)
 .data          0x0000000000000000        0x0 /Applications/lpcxpresso_5.2.4_2122/lpcxpresso/tools/bin/../lib/gcc/arm-none-eabi/4.6.2/armv7-m/libgcc.a(_udivdi3.o)
 .bss           0x0000000000000000        0x0 /Applications/lpcxpresso_5.2.4_2122/lpcxpresso/tools/bin/../lib/gcc/arm-none-eabi/4.6.2/armv7-m/libgcc.a(_udivdi3.o)
 .ARM.extab     0x0000000000000000        0x0 /Applications/lpcxpresso_5.2.4_2122/lpcxpresso/tools/bin/../lib/gcc/arm-none-eabi/4.6.2/armv7-m/libgcc.a(_udivdi3.o)
 .ARM.exidx     0x0000000000000000        0x8 /Applications/lpcxpresso_5.2.4_2122/lpcxpresso/tools/bin/../lib/gcc/arm-none-eabi/4.6.2/armv7-m/libgcc.a(_udivdi3.o)

Memory Configuration

Name             Origin             Length             Attributes
MFlash512        0x0000000000000000 0x0000000000080000 xr
RamLoc32         0x0000000010000000 0x0000000000008000 xrw
RamAHB32         0x000000002007c000 0x0000000000008000 xrw
*default*        0x0000000000000000 0xffffffffffffffff

Linker script and memory map

LOAD ./src/SevenSegs.o
LOAD ./src/cr_startup_lpc17.o
LOAD ./src/leds.o
LOAD ./src/main.o
LOAD ./FreeRTOS_src/croutine.o
LOAD ./FreeRTOS_src/list.o
LOAD ./FreeRTOS_src/queue.o
LOAD ./FreeRTOS_src/tasks.o
LOAD ./FreeRTOS_src/timers.o
LOAD ./FreeRTOS_portable/MemMang/heap_2.o
LOAD ./FreeRTOS_portable/port.o
START GROUP
LOAD /Applications/lpcxpresso_5.2.4_2122/lpcxpresso/tools/bin/../lib/gcc/arm-none-eabi/4.6.2/armv7-m/libgcc.a
LOAD /Applications/lpcxpresso_5.2.4_2122/lpcxpresso/tools/bin/../lib/gcc/arm-none-eabi/4.6.2/../../../../arm-none-eabi/lib/armv7-m/libc.a
LOAD /Applications/lpcxpresso_5.2.4_2122/lpcxpresso/tools/bin/../lib/gcc/arm-none-eabi/4.6.2/../../../../arm-none-eabi/lib/armv7-m/libm.a
END GROUP
                0x0000000000080000                __top_MFlash512 = 0x80000
                0x0000000010008000                __top_RamLoc32 = 0x10008000
                0x0000000020084000                __top_RamAHB32 = 0x20084000

.text           0x0000000000000000     0x1480
 FILL mask 0xff
                0x0000000000000000                __vectors_start__ = ABSOLUTE (.)
 *(.isr_vector)
 .isr_vector    0x0000000000000000       0xcc ./src/cr_startup_lpc17.o
                0x0000000000000000                g_pfnVectors
                0x00000000000000cc                . = ALIGN (0x4)
                0x00000000000000cc                __section_table_start = .
                0x00000000000000cc                __data_section_table = .
                0x00000000000000cc        0x4 LONG 0x1480 LOADADDR (.data)
                0x00000000000000d0        0x4 LONG 0x10000000 ADDR (.data)
                0x00000000000000d4        0x4 LONG 0x10 SIZEOF (.data)
                0x00000000000000d8        0x4 LONG 0x1480 LOADADDR (.data_RAM2)
                0x00000000000000dc        0x4 LONG 0x2007c000 ADDR (.data_RAM2)
                0x00000000000000e0        0x4 LONG 0x0 SIZEOF (.data_RAM2)
                0x00000000000000e4                __data_section_table_end = .
                0x00000000000000e4                __bss_section_table = .
                0x00000000000000e4        0x4 LONG 0x10000010 ADDR (.bss)
                0x00000000000000e8        0x4 LONG 0x4d24 SIZEOF (.bss)
                0x00000000000000ec        0x4 LONG 0x2007c000 ADDR (.bss_RAM2)
                0x00000000000000f0        0x4 LONG 0x0 SIZEOF (.bss_RAM2)
                0x00000000000000f4                __bss_section_table_end = .
                0x00000000000000f4                __section_table_end = .
 *(.after_vectors*)
 *(.text*)
 .text.SevenSegs_init
                0x00000000000000f4       0x70 ./src/SevenSegs.o
                0x00000000000000f4                SevenSegs_init
 .text.SevenSegs_on
                0x0000000000000164       0x28 ./src/SevenSegs.o
                0x0000000000000164                SevenSegs_on
 .text.SevenSegs_off
                0x000000000000018c       0x18 ./src/SevenSegs.o
                0x000000000000018c                SevenSegs_off
 .text.ResetISR
                0x00000000000001a4       0x64 ./src/cr_startup_lpc17.o
                0x00000000000001a4                ResetISR
 .text.NMI_Handler
                0x0000000000000208        0x8 ./src/cr_startup_lpc17.o
                0x0000000000000208                NMI_Handler
 .text.HardFault_Handler
                0x0000000000000210        0x8 ./src/cr_startup_lpc17.o
                0x0000000000000210                HardFault_Handler
 .text.MemManage_Handler
                0x0000000000000218        0x8 ./src/cr_startup_lpc17.o
                0x0000000000000218                MemManage_Handler
 .text.BusFault_Handler
                0x0000000000000220        0x8 ./src/cr_startup_lpc17.o
                0x0000000000000220                BusFault_Handler
 .text.UsageFault_Handler
                0x0000000000000228        0x8 ./src/cr_startup_lpc17.o
                0x0000000000000228                UsageFault_Handler
 .text.DebugMon_Handler
                0x0000000000000230        0x8 ./src/cr_startup_lpc17.o
                0x0000000000000230                DebugMon_Handler
 .text.IntDefaultHandler
                0x0000000000000238        0x8 ./src/cr_startup_lpc17.o
                0x0000000000000238                ENET_IRQHandler
                0x0000000000000238                RIT_IRQHandler
                0x0000000000000238                I2C0_IRQHandler
                0x0000000000000238                USBActivity_IRQHandler
                0x0000000000000238                PWM1_IRQHandler
                0x0000000000000238                I2C1_IRQHandler
                0x0000000000000238                EINT2_IRQHandler
                0x0000000000000238                UART1_IRQHandler
                0x0000000000000238                EINT3_IRQHandler
                0x0000000000000238                CANActivity_IRQHandler
                0x0000000000000238                TIMER3_IRQHandler
                0x0000000000000238                UART0_IRQHandler
                0x0000000000000238                IntDefaultHandler
                0x0000000000000238                PLL0_IRQHandler
                0x0000000000000238                CAN_IRQHandler
                0x0000000000000238                PLL1_IRQHandler
                0x0000000000000238                SSP0_IRQHandler
                0x0000000000000238                I2S_IRQHandler
                0x0000000000000238                I2C2_IRQHandler
                0x0000000000000238                RTC_IRQHandler
                0x0000000000000238                TIMER0_IRQHandler
                0x0000000000000238                SPI_IRQHandler
                0x0000000000000238                EINT1_IRQHandler
                0x0000000000000238                TIMER1_IRQHandler
                0x0000000000000238                UART2_IRQHandler
                0x0000000000000238                ADC_IRQHandler
                0x0000000000000238                SSP1_IRQHandler
                0x0000000000000238                USB_IRQHandler
                0x0000000000000238                BOD_IRQHandler
                0x0000000000000238                WDT_IRQHandler
                0x0000000000000238                QEI_IRQHandler
                0x0000000000000238                EINT0_IRQHandler
                0x0000000000000238                DMA_IRQHandler
                0x0000000000000238                UART3_IRQHandler
                0x0000000000000238                MCPWM_IRQHandler
                0x0000000000000238                TIMER2_IRQHandler
 .text.led2_on  0x0000000000000240       0x18 ./src/leds.o
                0x0000000000000240                led2_on
 .text.led2_off
                0x0000000000000258       0x18 ./src/leds.o
                0x0000000000000258                led2_off
 .text.setupHardware
                0x0000000000000270        0xc ./src/main.o
 .text.vUserTask1
                0x000000000000027c       0x48 ./src/main.o
                0x000000000000027c                vUserTask1
 .text.vUserTask2
                0x00000000000002c4       0x28 ./src/main.o
                0x00000000000002c4                vUserTask2
 .text.main     0x00000000000002ec       0x80 ./src/main.o
                0x00000000000002ec                main
 .text.vListInitialise
                0x000000000000036c       0x40 ./FreeRTOS_src/list.o
                0x000000000000036c                vListInitialise
 .text.vListInitialiseItem
                0x00000000000003ac       0x1c ./FreeRTOS_src/list.o
                0x00000000000003ac                vListInitialiseItem
 .text.vListInsertEnd
                0x00000000000003c8       0x54 ./FreeRTOS_src/list.o
                0x00000000000003c8                vListInsertEnd
 .text.vListInsert
                0x000000000000041c       0x78 ./FreeRTOS_src/list.o
                0x000000000000041c                vListInsert
 .text.vListRemove
                0x0000000000000494       0x54 ./FreeRTOS_src/list.o
                0x0000000000000494                vListRemove
 .text.xTaskGenericCreate
                0x00000000000004e8      0x1bc ./FreeRTOS_src/tasks.o
                0x00000000000004e8                xTaskGenericCreate
 .text.vTaskDelay
                0x00000000000006a4       0x5c ./FreeRTOS_src/tasks.o
                0x00000000000006a4                vTaskDelay
 .text.vTaskStartScheduler
                0x0000000000000700       0x74 ./FreeRTOS_src/tasks.o
                0x0000000000000700                vTaskStartScheduler
 .text.vTaskSuspendAll
                0x0000000000000774       0x24 ./FreeRTOS_src/tasks.o
                0x0000000000000774                vTaskSuspendAll
 .text.xTaskResumeAll
                0x0000000000000798      0x154 ./FreeRTOS_src/tasks.o
                0x0000000000000798                xTaskResumeAll
 .text.vTaskIncrementTick
                0x00000000000008ec      0x1b8 ./FreeRTOS_src/tasks.o
                0x00000000000008ec                vTaskIncrementTick
 .text.vTaskSwitchContext
                0x0000000000000aa4      0x194 ./FreeRTOS_src/tasks.o
                0x0000000000000aa4                vTaskSwitchContext
 .text.prvIdleTask
                0x0000000000000c38       0x10 ./FreeRTOS_src/tasks.o
 .text.prvInitialiseTCBVariables
                0x0000000000000c48       0x78 ./FreeRTOS_src/tasks.o
 .text.prvInitialiseTaskLists
                0x0000000000000cc0       0xa4 ./FreeRTOS_src/tasks.o
 .text.prvCheckTasksWaitingTermination
                0x0000000000000d64       0x94 ./FreeRTOS_src/tasks.o
 .text.prvAddCurrentTaskToDelayedList
                0x0000000000000df8       0x8c ./FreeRTOS_src/tasks.o
 .text.prvAllocateTCBAndStack
                0x0000000000000e84       0x74 ./FreeRTOS_src/tasks.o
 .text.prvDeleteTCB
                0x0000000000000ef8       0x20 ./FreeRTOS_src/tasks.o
 .text.pvPortMalloc
                0x0000000000000f18      0x1b0 ./FreeRTOS_portable/MemMang/heap_2.o
                0x0000000000000f18                pvPortMalloc
 .text.vPortFree
                0x00000000000010c8       0x88 ./FreeRTOS_portable/MemMang/heap_2.o
                0x00000000000010c8                vPortFree
 .text.pxPortInitialiseStack
                0x0000000000001150       0x60 ./FreeRTOS_portable/port.o
                0x0000000000001150                pxPortInitialiseStack
 .text.vPortSVCHandler
                0x00000000000011b0       0x20 ./FreeRTOS_portable/port.o
                0x00000000000011b0                vPortSVCHandler
 .text.vPortStartFirstTask
                0x00000000000011d0       0x14 ./FreeRTOS_portable/port.o
                0x00000000000011d0                vPortStartFirstTask
 .text.xPortStartScheduler
                0x00000000000011e4       0x54 ./FreeRTOS_portable/port.o
                0x00000000000011e4                xPortStartScheduler
 .text.vPortYieldFromISR
                0x0000000000001238       0x18 ./FreeRTOS_portable/port.o
                0x0000000000001238                vPortYieldFromISR
 .text.vPortEnterCritical
                0x0000000000001250       0x2c ./FreeRTOS_portable/port.o
                0x0000000000001250                vPortEnterCritical
 .text.vPortExitCritical
                0x000000000000127c       0x38 ./FreeRTOS_portable/port.o
                0x000000000000127c                vPortExitCritical
 .text.xPortPendSVHandler
                0x00000000000012b4       0x3c ./FreeRTOS_portable/port.o
                0x00000000000012b4                xPortPendSVHandler
 .text.xPortSysTickHandler
                0x00000000000012f0       0x38 ./FreeRTOS_portable/port.o
                0x00000000000012f0                xPortSysTickHandler
 .text.prvSetupTimerInterrupt
                0x0000000000001328       0x2c ./FreeRTOS_portable/port.o
 .text.memset   0x0000000000001354       0x90 /Applications/lpcxpresso_5.2.4_2122/lpcxpresso/tools/bin/../lib/gcc/arm-none-eabi/4.6.2/../../../../arm-none-eabi/lib/armv7-m/libc.a(lib_a-memset.o)
                0x0000000000001354                memset
 .text.strncpy  0x00000000000013e4       0x68 /Applications/lpcxpresso_5.2.4_2122/lpcxpresso/tools/bin/../lib/gcc/arm-none-eabi/4.6.2/../../../../arm-none-eabi/lib/armv7-m/libc.a(lib_a-strncpy.o)
                0x00000000000013e4                strncpy
 *(.rodata .rodata.*)
 .rodata        0x000000000000144c       0x10 ./src/main.o
 .rodata        0x000000000000145c       0x20 ./FreeRTOS_src/tasks.o
 .rodata.heapSTRUCT_SIZE
                0x000000000000147c        0x2 ./FreeRTOS_portable/MemMang/heap_2.o
                0x0000000000001480                . = ALIGN (0x4)
 *fill*         0x000000000000147e        0x2 ff

.glue_7         0x0000000000001480        0x0
 .glue_7        0x0000000000000000        0x0 linker stubs

.glue_7t        0x0000000000001480        0x0
 .glue_7t       0x0000000000000000        0x0 linker stubs

.vfp11_veneer   0x0000000000001480        0x0
 .vfp11_veneer  0x0000000000000000        0x0 linker stubs

.v4_bx          0x0000000000001480        0x0
 .v4_bx         0x0000000000000000        0x0 linker stubs

.ARM.extab
 *(.ARM.extab* .gnu.linkonce.armextab.*)
                0x0000000000001480                __exidx_start = .

.ARM.exidx
 *(.ARM.exidx* .gnu.linkonce.armexidx.*)
                0x0000000000001480                __exidx_end = .
                0x0000000000001480                _etext = .

.data_RAM2      0x000000002007c000        0x0 load address 0x0000000000001480
 FILL mask 0xff
 *(.data.$RAM2*)
 *(.data.$RamAHB32*)
                0x000000002007c000                . = ALIGN (0x4)

.uninit_RESERVED
                0x0000000010000000        0x0
 *(.bss.$RESERVED*)
                0x0000000010000000                . = ALIGN (0x4)
                0x0000000010000000                _end_uninit_RESERVED = .

.data           0x0000000010000000       0x10 load address 0x0000000000001480
 FILL mask 0xff
                0x0000000010000000                _data = .
 *(vtable)
 *(.data*)
 .data.xNextTaskUnblockTime
                0x0000000010000000        0x4 ./FreeRTOS_src/tasks.o
 .data.uxPreviousTask
                0x0000000010000004        0x4 ./FreeRTOS_src/tasks.o
 .data.xFreeBytesRemaining
                0x0000000010000008        0x4 ./FreeRTOS_portable/MemMang/heap_2.o
 .data.uxCriticalNesting
                0x000000001000000c        0x4 ./FreeRTOS_portable/port.o
                0x0000000010000010                . = ALIGN (0x4)
                0x0000000010000010                _edata = .

.bss_RAM2       0x000000002007c000        0x0
 *(.bss.$RAM2*)
 *(.bss.$RamAHB32*)
                0x000000002007c000                . = ALIGN (0x4)

.bss            0x0000000010000010     0x4d24
                0x0000000010000010                _bss = .
 *(.bss*)
 .bss.iState.3751
                0x0000000010000010        0x4 ./src/main.o
 .bss.pxCurrentTCB
                0x0000000010000014        0x4 ./FreeRTOS_src/tasks.o
                0x0000000010000014                pxCurrentTCB
 .bss.pxReadyTasksLists
                0x0000000010000018       0x64 ./FreeRTOS_src/tasks.o
 .bss.xDelayedTaskList1
                0x000000001000007c       0x14 ./FreeRTOS_src/tasks.o
 .bss.xDelayedTaskList2
                0x0000000010000090       0x14 ./FreeRTOS_src/tasks.o
 .bss.pxDelayedTaskList
                0x00000000100000a4        0x4 ./FreeRTOS_src/tasks.o
 .bss.pxOverflowDelayedTaskList
                0x00000000100000a8        0x4 ./FreeRTOS_src/tasks.o
 .bss.xPendingReadyList
                0x00000000100000ac       0x14 ./FreeRTOS_src/tasks.o
 .bss.xTasksWaitingTermination
                0x00000000100000c0       0x14 ./FreeRTOS_src/tasks.o
 .bss.uxTasksDeleted
                0x00000000100000d4        0x4 ./FreeRTOS_src/tasks.o
 .bss.xSuspendedTaskList
                0x00000000100000d8       0x14 ./FreeRTOS_src/tasks.o
 .bss.uxCurrentNumberOfTasks
                0x00000000100000ec        0x4 ./FreeRTOS_src/tasks.o
 .bss.xTickCount
                0x00000000100000f0        0x4 ./FreeRTOS_src/tasks.o
 .bss.uxTopUsedPriority
                0x00000000100000f4        0x4 ./FreeRTOS_src/tasks.o
 .bss.uxTopReadyPriority
                0x00000000100000f8        0x4 ./FreeRTOS_src/tasks.o
 .bss.xSchedulerRunning
                0x00000000100000fc        0x4 ./FreeRTOS_src/tasks.o
 .bss.uxSchedulerSuspended
                0x0000000010000100        0x4 ./FreeRTOS_src/tasks.o
 .bss.uxMissedTicks
                0x0000000010000104        0x4 ./FreeRTOS_src/tasks.o
 .bss.xMissedYield
                0x0000000010000108        0x4 ./FreeRTOS_src/tasks.o
 .bss.xNumOfOverflows
                0x000000001000010c        0x4 ./FreeRTOS_src/tasks.o
 .bss.uxTaskNumber
                0x0000000010000110        0x4 ./FreeRTOS_src/tasks.o
 .bss.pcTraceBuffer
                0x0000000010000114        0x4 ./FreeRTOS_src/tasks.o
 .bss.pcTraceBufferEnd
                0x0000000010000118        0x4 ./FreeRTOS_src/tasks.o
 .bss.xTracing  0x000000001000011c        0x4 ./FreeRTOS_src/tasks.o
 .bss.xHeap     0x0000000010000120     0x4c00 ./FreeRTOS_portable/MemMang/heap_2.o
 .bss.xStart    0x0000000010004d20        0x8 ./FreeRTOS_portable/MemMang/heap_2.o
 .bss.xEnd      0x0000000010004d28        0x8 ./FreeRTOS_portable/MemMang/heap_2.o
 .bss.xHeapHasBeenInitialised.4238
                0x0000000010004d30        0x4 ./FreeRTOS_portable/MemMang/heap_2.o
 *(COMMON)
                0x0000000010004d34                . = ALIGN (0x4)
                0x0000000010004d34                _ebss = .
                0x0000000010004d34                PROVIDE (end, .)

.noinit_RAM2    0x000000002007c000        0x0
 *(.noinit.$RAM2*)
 *(.noinit.$RamAHB32*)
                0x000000002007c000                . = ALIGN (0x4)

.noinit         0x0000000010004d34        0x0
                0x0000000010004d34                _noinit = .
 *(.noinit*)
                0x0000000010004d34                . = ALIGN (0x4)
                0x0000000010004d34                _end_noinit = .
                0x0000000010004d34                PROVIDE (_pvHeapStart, .)
                0x0000000010008000                PROVIDE (_vStackTop, (__top_RamLoc32 - 0x0))
OUTPUT(SevenSegs.axf elf32-littlearm)

.debug_info     0x0000000000000000     0x340e
 .debug_info    0x0000000000000000      0x612 ./src/SevenSegs.o
 .debug_info    0x0000000000000612      0x18f ./src/cr_startup_lpc17.o
 .debug_info    0x00000000000007a1      0x5c6 ./src/leds.o
 .debug_info    0x0000000000000d67      0x17b ./src/main.o
 .debug_info    0x0000000000000ee2      0x4b7 ./FreeRTOS_src/croutine.o
 .debug_info    0x0000000000001399      0x2ae ./FreeRTOS_src/list.o
 .debug_info    0x0000000000001647      0x8d2 ./FreeRTOS_src/queue.o
 .debug_info    0x0000000000001f19     0x1007 ./FreeRTOS_src/tasks.o
 .debug_info    0x0000000000002f20       0x54 ./FreeRTOS_src/timers.o
 .debug_info    0x0000000000002f74      0x2bb ./FreeRTOS_portable/MemMang/heap_2.o
 .debug_info    0x000000000000322f      0x1df ./FreeRTOS_portable/port.o

.debug_abbrev   0x0000000000000000      0xb22
 .debug_abbrev  0x0000000000000000       0xfc ./src/SevenSegs.o
 .debug_abbrev  0x00000000000000fc       0xa9 ./src/cr_startup_lpc17.o
 .debug_abbrev  0x00000000000001a5       0xe6 ./src/leds.o
 .debug_abbrev  0x000000000000028b       0xaf ./src/main.o
 .debug_abbrev  0x000000000000033a      0x18a ./FreeRTOS_src/croutine.o
 .debug_abbrev  0x00000000000004c4       0xba ./FreeRTOS_src/list.o
 .debug_abbrev  0x000000000000057e      0x170 ./FreeRTOS_src/queue.o
 .debug_abbrev  0x00000000000006ee      0x184 ./FreeRTOS_src/tasks.o
 .debug_abbrev  0x0000000000000872       0x2c ./FreeRTOS_src/timers.o
 .debug_abbrev  0x000000000000089e      0x160 ./FreeRTOS_portable/MemMang/heap_2.o
 .debug_abbrev  0x00000000000009fe      0x124 ./FreeRTOS_portable/port.o

.debug_loc      0x0000000000000000     0x15c1
 .debug_loc     0x0000000000000000       0xbc ./src/SevenSegs.o
 .debug_loc     0x00000000000000bc      0x16c ./src/cr_startup_lpc17.o
 .debug_loc     0x0000000000000228       0xbc ./src/leds.o
 .debug_loc     0x00000000000002e4      0x10c ./src/main.o
 .debug_loc     0x00000000000003f0      0x188 ./FreeRTOS_src/croutine.o
 .debug_loc     0x0000000000000578      0x118 ./FreeRTOS_src/list.o
 .debug_loc     0x0000000000000690      0x460 ./FreeRTOS_src/queue.o
 .debug_loc     0x0000000000000af0      0x891 ./FreeRTOS_src/tasks.o
 .debug_loc     0x0000000000001381       0xc8 ./FreeRTOS_portable/MemMang/heap_2.o
 .debug_loc     0x0000000000001449      0x178 ./FreeRTOS_portable/port.o

.debug_aranges  0x0000000000000000      0x450
 .debug_aranges
                0x0000000000000000       0x38 ./src/SevenSegs.o
 .debug_aranges
                0x0000000000000038       0x58 ./src/cr_startup_lpc17.o
 .debug_aranges
                0x0000000000000090       0x38 ./src/leds.o
 .debug_aranges
                0x00000000000000c8       0x40 ./src/main.o
 .debug_aranges
                0x0000000000000108       0x50 ./FreeRTOS_src/croutine.o
 .debug_aranges
                0x0000000000000158       0x40 ./FreeRTOS_src/list.o
 .debug_aranges
                0x0000000000000198       0xb8 ./FreeRTOS_src/queue.o
 .debug_aranges
                0x0000000000000250      0x158 ./FreeRTOS_src/tasks.o
 .debug_aranges
                0x00000000000003a8       0x38 ./FreeRTOS_portable/MemMang/heap_2.o
 .debug_aranges
                0x00000000000003e0       0x70 ./FreeRTOS_portable/port.o

.debug_ranges   0x0000000000000000      0x3b0
 .debug_ranges  0x0000000000000000       0x28 ./src/SevenSegs.o
 .debug_ranges  0x0000000000000028       0x48 ./src/cr_startup_lpc17.o
 .debug_ranges  0x0000000000000070       0x28 ./src/leds.o
 .debug_ranges  0x0000000000000098       0x30 ./src/main.o
 .debug_ranges  0x00000000000000c8       0x40 ./FreeRTOS_src/croutine.o
 .debug_ranges  0x0000000000000108       0x30 ./FreeRTOS_src/list.o
 .debug_ranges  0x0000000000000138       0xa8 ./FreeRTOS_src/queue.o
 .debug_ranges  0x00000000000001e0      0x148 ./FreeRTOS_src/tasks.o
 .debug_ranges  0x0000000000000328       0x28 ./FreeRTOS_portable/MemMang/heap_2.o
 .debug_ranges  0x0000000000000350       0x60 ./FreeRTOS_portable/port.o

.debug_line     0x0000000000000000     0x3369
 .debug_line    0x0000000000000000      0x2bc ./src/SevenSegs.o
 .debug_line    0x00000000000002bc       0xf0 ./src/cr_startup_lpc17.o
 .debug_line    0x00000000000003ac      0x2a8 ./src/leds.o
 .debug_line    0x0000000000000654      0x255 ./src/main.o
 .debug_line    0x00000000000008a9      0x30f ./FreeRTOS_src/croutine.o
 .debug_line    0x0000000000000bb8      0x690 ./FreeRTOS_src/list.o
 .debug_line    0x0000000000001248      0x907 ./FreeRTOS_src/queue.o
 .debug_line    0x0000000000001b4f      0xcf0 ./FreeRTOS_src/tasks.o
 .debug_line    0x000000000000283f      0x1d6 ./FreeRTOS_src/timers.o
 .debug_line    0x0000000000002a15      0x6cd ./FreeRTOS_portable/MemMang/heap_2.o
 .debug_line    0x00000000000030e2      0x287 ./FreeRTOS_portable/port.o

.debug_macinfo  0x0000000000000000    0x3d782
 .debug_macinfo
                0x0000000000000000     0x7033 ./src/SevenSegs.o
 .debug_macinfo
                0x0000000000007033     0x230b ./src/cr_startup_lpc17.o
 .debug_macinfo
                0x000000000000933e     0x702e ./src/leds.o
 .debug_macinfo
                0x000000000001036c     0x4ff0 ./src/main.o
 .debug_macinfo
                0x000000000001535c     0x49c1 ./FreeRTOS_src/croutine.o
 .debug_macinfo
                0x0000000000019d1d     0x5cca ./FreeRTOS_src/list.o
 .debug_macinfo
                0x000000000001f9e7     0x69fe ./FreeRTOS_src/queue.o
 .debug_macinfo
                0x00000000000263e5     0x7b7e ./FreeRTOS_src/tasks.o
 .debug_macinfo
                0x000000000002df63     0x4fb2 ./FreeRTOS_src/timers.o
 .debug_macinfo
                0x0000000000032f15     0x6379 ./FreeRTOS_portable/MemMang/heap_2.o
 .debug_macinfo
                0x000000000003928e     0x44f4 ./FreeRTOS_portable/port.o

.debug_str      0x0000000000000000     0x170a
 .debug_str     0x0000000000000000      0x3b8 ./src/SevenSegs.o
                                        0x3f1 (size before relaxing)
 .debug_str     0x00000000000003b8       0xca ./src/cr_startup_lpc17.o
                                        0x174 (size before relaxing)
 .debug_str     0x0000000000000482       0x3e ./src/leds.o
                                        0x3b5 (size before relaxing)
 .debug_str     0x00000000000004c0       0x6d ./src/main.o
                                        0x162 (size before relaxing)
 .debug_str     0x000000000000052d      0x34b ./FreeRTOS_src/croutine.o
                                        0x42b (size before relaxing)
 .debug_str     0x0000000000000878       0xaa ./FreeRTOS_src/list.o
                                        0x25c (size before relaxing)
 .debug_str     0x0000000000000922      0x3cf ./FreeRTOS_src/queue.o
                                        0x5a6 (size before relaxing)
 .debug_str     0x0000000000000cf1      0x780 ./FreeRTOS_src/tasks.o
                                        0xa22 (size before relaxing)
 .debug_str     0x0000000000001471       0x19 ./FreeRTOS_src/timers.o
                                         0xeb (size before relaxing)
 .debug_str     0x000000000000148a      0x15d ./FreeRTOS_portable/MemMang/heap_2.o
                                        0x283 (size before relaxing)
 .debug_str     0x00000000000015e7      0x123 ./FreeRTOS_portable/port.o
                                        0x228 (size before relaxing)

.comment        0x0000000000000000       0x70
 .comment       0x0000000000000000       0x70 ./src/SevenSegs.o
                                         0x71 (size before relaxing)
 .comment       0x0000000000000000       0x71 ./src/cr_startup_lpc17.o
 .comment       0x0000000000000000       0x71 ./src/leds.o
 .comment       0x0000000000000000       0x71 ./src/main.o
 .comment       0x0000000000000000       0x71 ./FreeRTOS_src/croutine.o
 .comment       0x0000000000000000       0x71 ./FreeRTOS_src/list.o
 .comment       0x0000000000000000       0x71 ./FreeRTOS_src/queue.o
 .comment       0x0000000000000000       0x71 ./FreeRTOS_src/tasks.o
 .comment       0x0000000000000000       0x71 ./FreeRTOS_src/timers.o
 .comment       0x0000000000000000       0x71 ./FreeRTOS_portable/MemMang/heap_2.o
 .comment       0x0000000000000000       0x71 ./FreeRTOS_portable/port.o

.ARM.attributes
                0x0000000000000000       0x33
 .ARM.attributes
                0x0000000000000000       0x33 ./src/SevenSegs.o
 .ARM.attributes
                0x0000000000000033       0x33 ./src/cr_startup_lpc17.o
 .ARM.attributes
                0x0000000000000066       0x33 ./src/leds.o
 .ARM.attributes
                0x0000000000000099       0x33 ./src/main.o
 .ARM.attributes
                0x00000000000000cc       0x33 ./FreeRTOS_src/croutine.o
 .ARM.attributes
                0x00000000000000ff       0x33 ./FreeRTOS_src/list.o
 .ARM.attributes
                0x0000000000000132       0x33 ./FreeRTOS_src/queue.o
 .ARM.attributes
                0x0000000000000165       0x33 ./FreeRTOS_src/tasks.o
 .ARM.attributes
                0x0000000000000198       0x33 ./FreeRTOS_src/timers.o
 .ARM.attributes
                0x00000000000001cb       0x33 ./FreeRTOS_portable/MemMang/heap_2.o
 .ARM.attributes
                0x00000000000001fe       0x33 ./FreeRTOS_portable/port.o
 .ARM.attributes
                0x0000000000000231       0x2d /Applications/lpcxpresso_5.2.4_2122/lpcxpresso/tools/bin/../lib/gcc/arm-none-eabi/4.6.2/../../../../arm-none-eabi/lib/armv7-m/libc.a(lib_a-memcpy.o)
 .ARM.attributes
                0x000000000000025e       0x2d /Applications/lpcxpresso_5.2.4_2122/lpcxpresso/tools/bin/../lib/gcc/arm-none-eabi/4.6.2/../../../../arm-none-eabi/lib/armv7-m/libc.a(lib_a-memset.o)
 .ARM.attributes
                0x000000000000028b       0x2d /Applications/lpcxpresso_5.2.4_2122/lpcxpresso/tools/bin/../lib/gcc/arm-none-eabi/4.6.2/../../../../arm-none-eabi/lib/armv7-m/libc.a(lib_a-sprintf.o)
 .ARM.attributes
                0x00000000000002b8       0x2d /Applications/lpcxpresso_5.2.4_2122/lpcxpresso/tools/bin/../lib/gcc/arm-none-eabi/4.6.2/../../../../arm-none-eabi/lib/armv7-m/libc.a(lib_a-strcat.o)
 .ARM.attributes
                0x00000000000002e5       0x2d /Applications/lpcxpresso_5.2.4_2122/lpcxpresso/tools/bin/../lib/gcc/arm-none-eabi/4.6.2/../../../../arm-none-eabi/lib/armv7-m/libc.a(lib_a-strcpy.o)
 .ARM.attributes
                0x0000000000000312       0x2d /Applications/lpcxpresso_5.2.4_2122/lpcxpresso/tools/bin/../lib/gcc/arm-none-eabi/4.6.2/../../../../arm-none-eabi/lib/armv7-m/libc.a(lib_a-strncpy.o)
 .ARM.attributes
                0x000000000000033f       0x2d /Applications/lpcxpresso_5.2.4_2122/lpcxpresso/tools/bin/../lib/gcc/arm-none-eabi/4.6.2/../../../../arm-none-eabi/lib/armv7-m/libc.a(lib_a-svfprintf.o)
 .ARM.attributes
                0x000000000000036c       0x2d /Applications/lpcxpresso_5.2.4_2122/lpcxpresso/tools/bin/../lib/gcc/arm-none-eabi/4.6.2/../../../../arm-none-eabi/lib/armv7-m/libc.a(lib_a-dtoa.o)
 .ARM.attributes
                0x0000000000000399       0x2d /Applications/lpcxpresso_5.2.4_2122/lpcxpresso/tools/bin/../lib/gcc/arm-none-eabi/4.6.2/../../../../arm-none-eabi/lib/armv7-m/libc.a(lib_a-impure.o)
 .ARM.attributes
                0x00000000000003c6       0x2d /Applications/lpcxpresso_5.2.4_2122/lpcxpresso/tools/bin/../lib/gcc/arm-none-eabi/4.6.2/../../../../arm-none-eabi/lib/armv7-m/libc.a(lib_a-locale.o)
 .ARM.attributes
                0x00000000000003f3       0x2d /Applications/lpcxpresso_5.2.4_2122/lpcxpresso/tools/bin/../lib/gcc/arm-none-eabi/4.6.2/../../../../arm-none-eabi/lib/armv7-m/libc.a(lib_a-mallocr.o)
 .ARM.attributes
                0x0000000000000420       0x2d /Applications/lpcxpresso_5.2.4_2122/lpcxpresso/tools/bin/../lib/gcc/arm-none-eabi/4.6.2/../../../../arm-none-eabi/lib/armv7-m/libc.a(lib_a-memchr.o)
 .ARM.attributes
                0x000000000000044d       0x2d /Applications/lpcxpresso_5.2.4_2122/lpcxpresso/tools/bin/../lib/gcc/arm-none-eabi/4.6.2/../../../../arm-none-eabi/lib/armv7-m/libc.a(lib_a-mlock.o)
 .ARM.attributes
                0x000000000000047a       0x2d /Applications/lpcxpresso_5.2.4_2122/lpcxpresso/tools/bin/../lib/gcc/arm-none-eabi/4.6.2/../../../../arm-none-eabi/lib/armv7-m/libc.a(lib_a-mprec.o)
 .ARM.attributes
                0x00000000000004a7       0x2d /Applications/lpcxpresso_5.2.4_2122/lpcxpresso/tools/bin/../lib/gcc/arm-none-eabi/4.6.2/../../../../arm-none-eabi/lib/armv7-m/libc.a(lib_a-s_fpclassify.o)
 .ARM.attributes
                0x00000000000004d4       0x2d /Applications/lpcxpresso_5.2.4_2122/lpcxpresso/tools/bin/../lib/gcc/arm-none-eabi/4.6.2/../../../../arm-none-eabi/lib/armv7-m/libc.a(lib_a-sbrkr.o)
 .ARM.attributes
                0x0000000000000501       0x2d /Applications/lpcxpresso_5.2.4_2122/lpcxpresso/tools/bin/../lib/gcc/arm-none-eabi/4.6.2/../../../../arm-none-eabi/lib/armv7-m/libc.a(lib_a-strcmp.o)
 .ARM.attributes
                0x000000000000052e       0x2d /Applications/lpcxpresso_5.2.4_2122/lpcxpresso/tools/bin/../lib/gcc/arm-none-eabi/4.6.2/../../../../arm-none-eabi/lib/armv7-m/libc.a(lib_a-strlen.o)
 .ARM.attributes
                0x000000000000055b       0x2d /Applications/lpcxpresso_5.2.4_2122/lpcxpresso/tools/bin/../lib/gcc/arm-none-eabi/4.6.2/../../../../arm-none-eabi/lib/armv7-m/libc.a(lib_a-svfiprintf.o)
 .ARM.attributes
                0x0000000000000588       0x2d /Applications/lpcxpresso_5.2.4_2122/lpcxpresso/tools/bin/../lib/gcc/arm-none-eabi/4.6.2/../../../../arm-none-eabi/lib/armv7-m/libc.a(lib_a-callocr.o)
 .ARM.attributes
                0x00000000000005b5       0x2d /Applications/lpcxpresso_5.2.4_2122/lpcxpresso/tools/bin/../lib/gcc/arm-none-eabi/4.6.2/../../../../arm-none-eabi/lib/armv7-m/libc.a(lib_a-freer.o)
 .ARM.attributes
                0x00000000000005e2       0x2d /Applications/lpcxpresso_5.2.4_2122/lpcxpresso/tools/bin/../lib/gcc/arm-none-eabi/4.6.2/../../../../arm-none-eabi/lib/armv7-m/libc.a(lib_a-memmove.o)
 .ARM.attributes
                0x000000000000060f       0x2d /Applications/lpcxpresso_5.2.4_2122/lpcxpresso/tools/bin/../lib/gcc/arm-none-eabi/4.6.2/../../../../arm-none-eabi/lib/armv7-m/libc.a(lib_a-reallocr.o)
 .ARM.attributes
                0x000000000000063c       0x2d /Applications/lpcxpresso_5.2.4_2122/lpcxpresso/tools/bin/../lib/gcc/arm-none-eabi/4.6.2/../../../../arm-none-eabi/lib/armv7-m/libc.a(lib_a-reent.o)
 .ARM.attributes
                0x0000000000000669       0x1d /Applications/lpcxpresso_5.2.4_2122/lpcxpresso/tools/bin/../lib/gcc/arm-none-eabi/4.6.2/armv7-m/libgcc.a(_arm_addsubdf3.o)
 .ARM.attributes
                0x0000000000000686       0x1d /Applications/lpcxpresso_5.2.4_2122/lpcxpresso/tools/bin/../lib/gcc/arm-none-eabi/4.6.2/armv7-m/libgcc.a(_arm_muldivdf3.o)
 .ARM.attributes
                0x00000000000006a3       0x1d /Applications/lpcxpresso_5.2.4_2122/lpcxpresso/tools/bin/../lib/gcc/arm-none-eabi/4.6.2/armv7-m/libgcc.a(_arm_cmpdf2.o)
 .ARM.attributes
                0x00000000000006c0       0x1d /Applications/lpcxpresso_5.2.4_2122/lpcxpresso/tools/bin/../lib/gcc/arm-none-eabi/4.6.2/armv7-m/libgcc.a(_arm_fixdfsi.o)
 .ARM.attributes
                0x00000000000006dd       0x1d /Applications/lpcxpresso_5.2.4_2122/lpcxpresso/tools/bin/../lib/gcc/arm-none-eabi/4.6.2/armv7-m/libgcc.a(_aeabi_uldivmod.o)
 .ARM.attributes
                0x00000000000006fa       0x2d /Applications/lpcxpresso_5.2.4_2122/lpcxpresso/tools/bin/../lib/gcc/arm-none-eabi/4.6.2/armv7-m/libgcc.a(bpabi.o)
 .ARM.attributes
                0x0000000000000727       0x1d /Applications/lpcxpresso_5.2.4_2122/lpcxpresso/tools/bin/../lib/gcc/arm-none-eabi/4.6.2/armv7-m/libgcc.a(_dvmd_tls.o)
 .ARM.attributes
                0x0000000000000744       0x2d /Applications/lpcxpresso_5.2.4_2122/lpcxpresso/tools/bin/../lib/gcc/arm-none-eabi/4.6.2/armv7-m/libgcc.a(_divdi3.o)
 .ARM.attributes
                0x0000000000000771       0x2d /Applications/lpcxpresso_5.2.4_2122/lpcxpresso/tools/bin/../lib/gcc/arm-none-eabi/4.6.2/armv7-m/libgcc.a(_udivdi3.o)

.debug_frame    0x0000000000000000     0x1504
 .debug_frame   0x0000000000000000       0x74 ./src/SevenSegs.o
 .debug_frame   0x0000000000000074       0xd8 ./src/cr_startup_lpc17.o
 .debug_frame   0x000000000000014c       0x74 ./src/leds.o
 .debug_frame   0x00000000000001c0       0xa8 ./src/main.o
 .debug_frame   0x0000000000000268       0xf0 ./FreeRTOS_src/croutine.o
 .debug_frame   0x0000000000000358       0x9c ./FreeRTOS_src/list.o
 .debug_frame   0x00000000000003f4      0x27c ./FreeRTOS_src/queue.o
 .debug_frame   0x0000000000000670      0x4e0 ./FreeRTOS_src/tasks.o
 .debug_frame   0x0000000000000b50       0x80 ./FreeRTOS_portable/MemMang/heap_2.o
 .debug_frame   0x0000000000000bd0      0x110 ./FreeRTOS_portable/port.o
 .debug_frame   0x0000000000000ce0       0x2c /Applications/lpcxpresso_5.2.4_2122/lpcxpresso/tools/bin/../lib/gcc/arm-none-eabi/4.6.2/../../../../arm-none-eabi/lib/armv7-m/libc.a(lib_a-memcpy.o)
 .debug_frame   0x0000000000000d0c       0x2c /Applications/lpcxpresso_5.2.4_2122/lpcxpresso/tools/bin/../lib/gcc/arm-none-eabi/4.6.2/../../../../arm-none-eabi/lib/armv7-m/libc.a(lib_a-memset.o)
 .debug_frame   0x0000000000000d38       0x64 /Applications/lpcxpresso_5.2.4_2122/lpcxpresso/tools/bin/../lib/gcc/arm-none-eabi/4.6.2/../../../../arm-none-eabi/lib/armv7-m/libc.a(lib_a-sprintf.o)
 .debug_frame   0x0000000000000d9c       0x2c /Applications/lpcxpresso_5.2.4_2122/lpcxpresso/tools/bin/../lib/gcc/arm-none-eabi/4.6.2/../../../../arm-none-eabi/lib/armv7-m/libc.a(lib_a-strcat.o)
 .debug_frame   0x0000000000000dc8       0x20 /Applications/lpcxpresso_5.2.4_2122/lpcxpresso/tools/bin/../lib/gcc/arm-none-eabi/4.6.2/../../../../arm-none-eabi/lib/armv7-m/libc.a(lib_a-strcpy.o)
 .debug_frame   0x0000000000000de8       0x2c /Applications/lpcxpresso_5.2.4_2122/lpcxpresso/tools/bin/../lib/gcc/arm-none-eabi/4.6.2/../../../../arm-none-eabi/lib/armv7-m/libc.a(lib_a-strncpy.o)
 .debug_frame   0x0000000000000e14       0x3c /Applications/lpcxpresso_5.2.4_2122/lpcxpresso/tools/bin/../lib/gcc/arm-none-eabi/4.6.2/../../../../arm-none-eabi/lib/armv7-m/libc.a(lib_a-svfprintf.o)
 .debug_frame   0x0000000000000e50       0x64 /Applications/lpcxpresso_5.2.4_2122/lpcxpresso/tools/bin/../lib/gcc/arm-none-eabi/4.6.2/../../../../arm-none-eabi/lib/armv7-m/libc.a(lib_a-dtoa.o)
 .debug_frame   0x0000000000000eb4       0x98 /Applications/lpcxpresso_5.2.4_2122/lpcxpresso/tools/bin/../lib/gcc/arm-none-eabi/4.6.2/../../../../arm-none-eabi/lib/armv7-m/libc.a(lib_a-locale.o)
 .debug_frame   0x0000000000000f4c       0x38 /Applications/lpcxpresso_5.2.4_2122/lpcxpresso/tools/bin/../lib/gcc/arm-none-eabi/4.6.2/../../../../arm-none-eabi/lib/armv7-m/libc.a(lib_a-mallocr.o)
 .debug_frame   0x0000000000000f84       0x2c /Applications/lpcxpresso_5.2.4_2122/lpcxpresso/tools/bin/../lib/gcc/arm-none-eabi/4.6.2/../../../../arm-none-eabi/lib/armv7-m/libc.a(lib_a-memchr.o)
 .debug_frame   0x0000000000000fb0       0x30 /Applications/lpcxpresso_5.2.4_2122/lpcxpresso/tools/bin/../lib/gcc/arm-none-eabi/4.6.2/../../../../arm-none-eabi/lib/armv7-m/libc.a(lib_a-mlock.o)
 .debug_frame   0x0000000000000fe0      0x228 /Applications/lpcxpresso_5.2.4_2122/lpcxpresso/tools/bin/../lib/gcc/arm-none-eabi/4.6.2/../../../../arm-none-eabi/lib/armv7-m/libc.a(lib_a-mprec.o)
 .debug_frame   0x0000000000001208       0x20 /Applications/lpcxpresso_5.2.4_2122/lpcxpresso/tools/bin/../lib/gcc/arm-none-eabi/4.6.2/../../../../arm-none-eabi/lib/armv7-m/libc.a(lib_a-s_fpclassify.o)
 .debug_frame   0x0000000000001228       0x2c /Applications/lpcxpresso_5.2.4_2122/lpcxpresso/tools/bin/../lib/gcc/arm-none-eabi/4.6.2/../../../../arm-none-eabi/lib/armv7-m/libc.a(lib_a-sbrkr.o)
 .debug_frame   0x0000000000001254       0x30 /Applications/lpcxpresso_5.2.4_2122/lpcxpresso/tools/bin/../lib/gcc/arm-none-eabi/4.6.2/../../../../arm-none-eabi/lib/armv7-m/libc.a(lib_a-strcmp.o)
 .debug_frame   0x0000000000001284       0x20 /Applications/lpcxpresso_5.2.4_2122/lpcxpresso/tools/bin/../lib/gcc/arm-none-eabi/4.6.2/../../../../arm-none-eabi/lib/armv7-m/libc.a(lib_a-strlen.o)
 .debug_frame   0x00000000000012a4       0x64 /Applications/lpcxpresso_5.2.4_2122/lpcxpresso/tools/bin/../lib/gcc/arm-none-eabi/4.6.2/../../../../arm-none-eabi/lib/armv7-m/libc.a(lib_a-svfiprintf.o)
 .debug_frame   0x0000000000001308       0x28 /Applications/lpcxpresso_5.2.4_2122/lpcxpresso/tools/bin/../lib/gcc/arm-none-eabi/4.6.2/../../../../arm-none-eabi/lib/armv7-m/libc.a(lib_a-callocr.o)
 .debug_frame   0x0000000000001330       0x50 /Applications/lpcxpresso_5.2.4_2122/lpcxpresso/tools/bin/../lib/gcc/arm-none-eabi/4.6.2/../../../../arm-none-eabi/lib/armv7-m/libc.a(lib_a-freer.o)
 .debug_frame   0x0000000000001380       0x2c /Applications/lpcxpresso_5.2.4_2122/lpcxpresso/tools/bin/../lib/gcc/arm-none-eabi/4.6.2/../../../../arm-none-eabi/lib/armv7-m/libc.a(lib_a-memmove.o)
 .debug_frame   0x00000000000013ac       0x38 /Applications/lpcxpresso_5.2.4_2122/lpcxpresso/tools/bin/../lib/gcc/arm-none-eabi/4.6.2/../../../../arm-none-eabi/lib/armv7-m/libc.a(lib_a-reallocr.o)
 .debug_frame   0x00000000000013e4       0x68 /Applications/lpcxpresso_5.2.4_2122/lpcxpresso/tools/bin/../lib/gcc/arm-none-eabi/4.6.2/../../../../arm-none-eabi/lib/armv7-m/libc.a(lib_a-reent.o)
 .debug_frame   0x000000000000144c       0x50 /Applications/lpcxpresso_5.2.4_2122/lpcxpresso/tools/bin/../lib/gcc/arm-none-eabi/4.6.2/armv7-m/libgcc.a(bpabi.o)
 .debug_frame   0x000000000000149c       0x34 /Applications/lpcxpresso_5.2.4_2122/lpcxpresso/tools/bin/../lib/gcc/arm-none-eabi/4.6.2/armv7-m/libgcc.a(_divdi3.o)
 .debug_frame   0x00000000000014d0       0x34 /Applications/lpcxpresso_5.2.4_2122/lpcxpresso/tools/bin/../lib/gcc/arm-none-eabi/4.6.2/armv7-m/libgcc.a(_udivdi3.o)
